--------------------------------------------------------------------------------------------------------
      name:  <unnamed>
       log:  E:\nhats\nhats_code\NHATS data setup\logs\1_nhats_setup1.txt
  log type:  text
 opened on:  11 Dec 2015, 14:12:04

. local r1raw E:\nhats\data\NHATS Public\round_1\

. local r2raw E:\nhats\data\NHATS Public\round_2\

. local r3raw E:\nhats\data\NHATS Public\round_3\

. local r4raw E:\nhats\data\NHATS Public\round_4\

. local work E:\nhats\data\NHATS working data

. local r1s E:\nhats\data\NHATS Sensitive\r1_sensitive\

. local r2s E:\nhats\data\NHATS Sensitive\r2_sensitive\

. local r3s E:\nhats\data\NHATS Sensitive\r3_sensitive\

. local r4s E:\nhats\data\NHATS Sensitive\r4_sensitive\

. local logs E:\nhats\nhats_code\NHATS data setup\logs\

. 
. cd "`work'"
E:\nhats\data\NHATS working data

. *********************************************
. 
. //round 1
. use "`r1raw'NHATS_Round_1_SP_File.dta"

. //check to make sure sample ids are unique
. sort spid 

. quietly by spid: gen dup = cond(_N==1,0,_n)

. tab dup

        dup |      Freq.     Percent        Cum.
------------+-----------------------------------
          0 |      8,245      100.00      100.00
------------+-----------------------------------
      Total |      8,245      100.00

. gen wave=1

. la var wave "Survey wave"

. save round_1_1.dta, replace
file round_1_1.dta saved

. clear

. 
. //round 2
. use "`r2raw'NHATS_Round_2_SP_File_v2.dta"

. //check to make sure sample ids are unique
. sort spid 

. quietly by spid: gen dup = cond(_N==1,0,_n)

. tab dup

        dup |      Freq.     Percent        Cum.
------------+-----------------------------------
          0 |      7,075      100.00      100.00
------------+-----------------------------------
      Total |      7,075      100.00

. gen wave=2

. la var wave "Survey wave"

. save round_2_1.dta, replace
file round_2_1.dta saved

. clear 

. 
. //round 3
. use "`r3raw'NHATS_Round_3_SP_File.dta"

. //check to make sure sample ids are unique
. sort spid 

. quietly by spid: gen dup = cond(_N==1,0,_n)

. tab dup

        dup |      Freq.     Percent        Cum.
------------+-----------------------------------
          0 |      5,799      100.00      100.00
------------+-----------------------------------
      Total |      5,799      100.00

. gen wave=3

. la var wave "Survey wave"

. save round_3_1.dta, replace
file round_3_1.dta saved

. clear 

. 
. //round 4
. use "`r4raw'NHATS_Round_4_SP_File.dta"

. //check to make sure sample ids are unique
. sort spid 

. quietly by spid: gen dup = cond(_N==1,0,_n)

. tab dup

        dup |      Freq.     Percent        Cum.
------------+-----------------------------------
          0 |      4,737      100.00      100.00
------------+-----------------------------------
      Total |      4,737      100.00

. gen wave=4

. la var wave "Survey wave"

. save round_4_1.dta, replace
file round_4_1.dta saved

. clear 

. 
. //round 1
. foreach w in 1 2 3 4{
  2. use round_`w'_1.dta
  3. 
. //keep selected variables only
. local keepallwaves spid wave r`w'dresid w`w'varunit w`w'anfinwgt0 w`w'varstrat  ///
>         mo* r`w'd2intvrage hh`w'martlstat ///
>         ip`w'cmedicaid ip`w'mgapmedsp ip`w'nginsnurs ip`w'covmedcad ip`w'covtricar ///
>         hh* hc* ss* pc* cp* cg* ha* sc* mc* sd* ///
>         is`w'resptype ht`w'placedesc
  4. 
. if `w'==1 {     
  5. keep `keepallwaves' r`w'dgender rl`w'dracehisp rl`w'spkothlan rl`w'condspanh el`w'higstschl ///
> ia`w'toincim1-ia`w'toincim5 ia1totinc re`w'resistrct
  6. }
  7. 
. if `w'==2 {     
  8. keep `keepallwaves' re2intplace re2newstrct re2spadrsnew re2dresistrct ///
>         re2dadrscorr re2dcensdiv ip2nginslast
  9. }
 10. 
. if `w'==3 {     
 11. keep `keepallwaves' re3intplace re3newstrct re3spadrsnew re3dresistrct ///
>         re3dcensdiv ip3nginslast
 12. }
 13. if `w'==4 {     
 14. keep `keepallwaves' re4intplace re4newstrct re4spadrsnew re4dresistrct ///
>         re4dcensdiv ip4nginslast
 15. }
 16. 
. save round_`w'_ltd.dta, replace
 17. }
file round_1_ltd.dta saved
file round_2_ltd.dta saved
file round_3_ltd.dta saved
file round_4_ltd.dta saved

. 
. //check sensitive data files, keep only some variables, merge with ltd datasets
. foreach w in 1 2 3 4{
  2.         use "`r`w's'NHATS_Round_`w'_SP_Sen_Dem_File.dta"
  3.         sort spid 
  4.         quietly by spid: gen dup = cond(_N==1,0,_n)
  5.         tab dup 
  6.         clear
  7. }

        dup |      Freq.     Percent        Cum.
------------+-----------------------------------
          0 |      8,245      100.00      100.00
------------+-----------------------------------
      Total |      8,245      100.00

        dup |      Freq.     Percent        Cum.
------------+-----------------------------------
          0 |      7,075      100.00      100.00
------------+-----------------------------------
      Total |      7,075      100.00

        dup |      Freq.     Percent        Cum.
------------+-----------------------------------
          0 |      5,799      100.00      100.00
------------+-----------------------------------
      Total |      5,799      100.00

        dup |      Freq.     Percent        Cum.
------------+-----------------------------------
          0 |      4,737      100.00      100.00
------------+-----------------------------------
      Total |      4,737      100.00

. 
end of do-file

. di 502/3266
.15370484

. di 502/1350
.37185185

. use "E:\data\serious_ill\int_data\dem_dx.dta", clear

. tab dementia
variable dementia not found
r(111);

. tab dem_d

     dem_dx |      Freq.     Percent        Cum.
------------+-----------------------------------
          0 |    638,202       99.30       99.30
          1 |      4,497        0.70      100.00
------------+-----------------------------------
      Total |    642,699      100.00

. tab dx_
--Break--
r(1);

. codebook dx_

--------------------------------------------------------------------------------------------------------
dx_0                                                                                         (unlabeled)
--------------------------------------------------------------------------------------------------------

                  type:  string (str8), but longest is str7

         unique values:  8495                     missing "":  0/642699

              examples:  "36630"
                         "492"
                         "71956"
                         "78904"

               warning:  variable has leading and embedded blanks

. codebook dx

--------------------------------------------------------------------------------------------------------
dx                                                                                           (unlabeled)
--------------------------------------------------------------------------------------------------------

                  type:  string (str8), but longest is str7

         unique values:  8489                     missing "":  0/642699

              examples:  "36630"
                         "4920"
                         "71956"
                         "78904"

               warning:  variable has embedded blanks

. duplicates report dx_ dx

Duplicates in terms of dx_0 dx

--------------------------------------
   copies | observations       surplus
----------+---------------------------
        1 |         2076             0
        2 |         1782           891
        3 |         1650          1100
        4 |         1640          1230
        5 |         1480          1184
        6 |         1512          1260
        7 |         1526          1308
        8 |         1368          1197
        9 |         1332          1184
       10 |         1340          1206
       11 |         1243          1130
       12 |         1332          1221
       13 |         1443          1332
       14 |         1260          1170
       15 |         1110          1036
       16 |         1536          1440
       17 |         1139          1072
       18 |         1188          1122
       19 |         1045           990
       20 |          960           912
       21 |         1113          1060
       22 |         1518          1449
       23 |         1242          1188
       24 |         1224          1173
       25 |         1025           984
       26 |          780           750
       27 |          864           832
       28 |         1064          1026
       29 |         1044          1008
       30 |          870           841
       31 |         1147          1110
       32 |         1216          1178
       33 |         1188          1152
       34 |          850           825
       35 |         1015           986
       36 |         1260          1225
       37 |         1184          1152
       38 |         1368          1332
       39 |         1209          1178
       40 |         1120          1092
       41 |         1107          1080
       42 |          714           697
       43 |          731           714
       44 |         1100          1075
       45 |          945           924
       46 |          644           630
       47 |         1269          1242
       48 |         1104          1081
       49 |          980           960
       50 |         1350          1323
       51 |          918           900
       52 |          624           612
       53 |          583           572
       54 |          486           477
       55 |          770           756
       56 |          616           605
       57 |          969           952
       58 |         1334          1311
       59 |         1003           986
       60 |          720           708
       61 |          915           900
       62 |          868           854
       63 |          819           806
       64 |          832           819
       65 |         1300          1280
       66 |          594           585
       67 |          670           660
       68 |          816           804
       69 |          552           544
       70 |          420           414
       71 |          852           840
       72 |          576           568
       73 |          511           504
       74 |          518           511
       75 |          825           814
       76 |          760           750
       77 |          693           684
       78 |          312           308
       79 |          711           702
       80 |          640           632
       81 |          729           720
       82 |          410           405
       83 |          830           820
       84 |          840           830
       85 |          680           672
       86 |          774           765
       87 |          783           774
       88 |          616           609
       89 |          712           704
       90 |         1080          1068
       91 |         1183          1170
       92 |         1012          1001
       93 |          558           552
       94 |          940           930
       95 |          570           564
       96 |         1248          1235
       97 |          582           576
       98 |          882           873
       99 |          891           882
      100 |          700           693
      101 |          707           700
      102 |          102           101
      103 |          927           918
      104 |          728           721
      105 |          840           832
      106 |          636           630
      107 |          749           742
      108 |          756           749
      109 |          763           756
      110 |          770           763
      111 |          555           550
      112 |          672           666
      113 |          565           560
      114 |          342           339
      115 |          460           456
      116 |          812           805
      117 |          468           464
      118 |          590           585
      119 |          119           118
      120 |          360           357
      121 |         1089          1080
      122 |          854           847
      123 |          615           610
      124 |          372           369
      125 |          750           744
      126 |          252           250
      127 |          635           630
      128 |          896           889
      129 |          774           768
      130 |          650           645
      131 |          655           650
      132 |          660           655
      133 |          665           660
      134 |          804           798
      135 |          405           402
      136 |          952           945
      137 |          137           136
      138 |          828           822
      139 |          834           828
      140 |          840           834
      141 |          987           980
      142 |          142           141
      143 |         1001           994
      144 |          144           143
      145 |          580           576
      146 |          584           580
      147 |          735           730
      148 |          592           588
      149 |          447           444
      150 |          600           596
      151 |          151           150
      152 |          760           755
      153 |          765           760
      154 |         1078          1071
      155 |          775           770
      156 |          936           930
      157 |          785           780
      158 |          948           942
      159 |          318           316
      162 |          486           483
      163 |          326           324
      164 |          164           163
      165 |          825           820
      166 |          996           990
      167 |          167           166
      169 |          338           336
      170 |          340           338
      171 |          513           510
      172 |          344           342
      174 |          174           173
      175 |          350           348
      176 |          704           700
      177 |          177           176
      178 |          178           177
      179 |          537           534
      180 |          540           537
      181 |          543           540
      182 |          728           724
      183 |          549           546
      184 |          368           366
      185 |          185           184
      187 |          561           558
      188 |          188           187
      190 |          380           378
      191 |          764           760
      192 |          192           191
      193 |          193           192
      195 |          195           194
      196 |          392           390
      197 |          394           392
      198 |          396           394
      199 |          597           594
      200 |          600           597
      201 |          201           200
      202 |          202           201
      203 |          812           808
      204 |         1020          1015
      205 |          410           408
      206 |          618           615
      207 |          621           618
      208 |          416           414
      209 |          209           208
      210 |          420           418
      211 |          422           420
      213 |          426           424
      214 |          856           852
      216 |          432           430
      217 |          651           648
      218 |          436           434
      220 |         1320          1314
      221 |          884           880
      222 |          222           221
      224 |          224           223
      225 |          450           448
      226 |          678           675
      227 |          227           226
      228 |          912           908
      229 |          229           228
      230 |          690           687
      231 |          231           230
      232 |          232           231
      234 |          234           233
      236 |          236           235
      238 |          476           474
      239 |          956           952
      240 |          480           478
      241 |          723           720
      243 |          486           484
      244 |          488           486
      245 |          245           244
      246 |          246           245
      247 |          494           492
      248 |          744           741
      249 |          249           248
      251 |          251           250
      253 |          759           756
      254 |          508           506
      255 |          765           762
      256 |          768           765
      257 |          514           512
      258 |          516           514
      259 |          518           516
      260 |          520           518
      261 |          522           520
      262 |          262           261
      263 |         1052          1048
      264 |          528           526
      266 |          266           265
      267 |          267           266
      268 |          268           267
      269 |          538           536
      270 |          540           538
      271 |          271           270
      273 |          546           544
      274 |          822           819
      275 |          825           822
      276 |          552           550
      277 |          554           552
      278 |          278           277
      279 |          837           834
      280 |          560           558
      281 |          281           280
      282 |          846           843
      283 |          566           564
      288 |          288           287
      289 |          867           864
      290 |          580           578
      291 |          873           870
      293 |          586           584
      295 |          590           588
      296 |          296           295
      300 |          300           299
      302 |          302           301
      303 |         1515          1510
      305 |          915           912
      306 |          612           610
      308 |          924           921
      309 |          309           308
      310 |          930           927
      312 |          312           311
      313 |          313           312
      314 |          314           313
      315 |          315           314
      316 |          632           630
      318 |          954           951
      319 |          319           318
      322 |          644           642
      323 |          323           322
      324 |          972           969
      325 |          325           324
      326 |          978           975
      327 |          327           326
      329 |          987           984
      330 |          660           658
      331 |          331           330
      332 |          332           331
      335 |          335           334
      336 |          336           335
      337 |          674           672
      338 |          338           337
      339 |          678           676
      340 |         1020          1017
      341 |          682           680
      342 |          342           341
      344 |          344           343
      346 |          692           690
      347 |          347           346
      348 |          348           347
      352 |          704           702
      354 |          354           353
      355 |         1065          1062
      357 |          357           356
      358 |          358           357
      359 |          718           716
      360 |         1080          1077
      365 |         1460          1456
      366 |         1464          1460
      368 |         1104          1101
      369 |          369           368
      373 |          373           372
      374 |          374           373
      375 |          750           748
      376 |          376           375
      379 |          379           378
      381 |          381           380
      382 |          764           762
      385 |          770           768
      386 |         1158          1155
      390 |          780           778
      391 |          391           390
      393 |          786           784
      395 |          395           394
      397 |          794           792
      400 |          400           399
      401 |          401           400
      403 |          403           402
      407 |          814           812
      413 |         1239          1236
      415 |          415           414
      416 |         1664          1660
      417 |          834           832
      419 |          419           418
      422 |          422           421
      424 |          424           423
      425 |          425           424
      427 |          854           852
      428 |          856           854
      430 |          430           429
      431 |          862           860
      435 |          435           434
      436 |          436           435
      438 |          876           874
      440 |          440           439
      443 |          443           442
      444 |          444           443
      446 |         1338          1335
      447 |          447           446
      448 |          448           447
      452 |          452           451
      453 |          906           904
      454 |          908           906
      456 |          456           455
      457 |          457           456
      462 |          462           461
      464 |          464           463
      465 |          930           928
      467 |          467           466
      469 |          469           468
      470 |          470           469
      471 |          942           940
      473 |          473           472
      474 |          948           946
      475 |          475           474
      476 |          476           475
      478 |          478           477
      480 |         1440          1437
      481 |          962           960
      484 |         1452          1449
      486 |          486           485
      487 |          487           486
      488 |          488           487
      490 |          490           489
      491 |          491           490
      492 |          492           491
      495 |          495           494
      497 |          497           496
      498 |          498           497
      499 |          499           498
      502 |         1004          1002
      504 |          504           503
      506 |          506           505
      508 |          508           507
      510 |          510           509
      513 |          513           512
      514 |          514           513
      515 |          515           514
      518 |          518           517
      520 |          520           519
      521 |          521           520
      524 |          524           523
      525 |          525           524
      528 |          528           527
      529 |          529           528
      530 |         1060          1058
      531 |          531           530
      532 |          532           531
      533 |          533           532
      536 |          536           535
      549 |          549           548
      551 |          551           550
      552 |          552           551
      559 |          559           558
      560 |          560           559
      561 |         1122          1120
      563 |          563           562
      564 |          564           563
      568 |          568           567
      574 |          574           573
      576 |          576           575
      580 |          580           579
      589 |          589           588
      592 |          592           591
      593 |          593           592
      598 |          598           597
      602 |          602           601
      605 |          605           604
      609 |          609           608
      615 |          615           614
      617 |         1234          1232
      618 |          618           617
      622 |         1244          1242
      624 |         1248          1246
      626 |          626           625
      629 |          629           628
      637 |          637           636
      638 |          638           637
      640 |          640           639
      643 |          643           642
      645 |          645           644
      646 |          646           645
      653 |         1306          1304
      660 |          660           659
      669 |         1338          1336
      677 |         1354          1352
      685 |          685           684
      687 |         1374          1372
      688 |         1376          1374
      689 |          689           688
      690 |          690           689
      696 |          696           695
      698 |         1396          1394
      700 |          700           699
      709 |          709           708
      712 |          712           711
      713 |          713           712
      714 |          714           713
      718 |          718           717
      724 |          724           723
      725 |          725           724
      730 |          730           729
      732 |          732           731
      736 |          736           735
      739 |          739           738
      741 |          741           740
      742 |          742           741
      745 |          745           744
      746 |          746           745
      751 |          751           750
      759 |         1518          1516
      762 |          762           761
      763 |          763           762
      766 |          766           765
      770 |          770           769
      772 |          772           771
      776 |          776           775
      778 |          778           777
      780 |          780           779
      782 |          782           781
      783 |          783           782
      790 |          790           789
      795 |          795           794
      797 |          797           796
      799 |          799           798
      802 |          802           801
      807 |          807           806
      808 |          808           807
      810 |          810           809
      815 |          815           814
      831 |          831           830
      836 |         1672          1670
      839 |         1678          1676
      840 |          840           839
      841 |          841           840
      855 |          855           854
      856 |          856           855
      857 |          857           856
      858 |          858           857
      868 |          868           867
      871 |          871           870
      886 |          886           885
      887 |          887           886
      889 |          889           888
      894 |          894           893
      899 |          899           898
      901 |          901           900
      908 |          908           907
      910 |          910           909
      917 |         1834          1832
      927 |          927           926
      931 |          931           930
      938 |          938           937
      939 |          939           938
      946 |          946           945
      951 |          951           950
      954 |          954           953
      970 |          970           969
      973 |          973           972
      975 |          975           974
      979 |          979           978
      985 |          985           984
      987 |          987           986
      992 |          992           991
      994 |          994           993
      997 |          997           996
     1014 |         1014          1013
     1015 |         1015          1014
     1016 |         1016          1015
     1021 |         1021          1020
     1024 |         1024          1023
     1041 |         2082          2080
     1048 |         1048          1047
     1064 |         1064          1063
     1072 |         1072          1071
     1074 |         1074          1073
     1094 |         1094          1093
     1095 |         1095          1094
     1107 |         1107          1106
     1108 |         1108          1107
     1126 |         1126          1125
     1131 |         1131          1130
     1136 |         2272          2270
     1147 |         2294          2292
     1154 |         1154          1153
     1159 |         1159          1158
     1162 |         1162          1161
     1164 |         1164          1163
     1170 |         1170          1169
     1184 |         1184          1183
     1190 |         1190          1189
     1206 |         1206          1205
     1213 |         2426          2424
     1215 |         1215          1214
     1232 |         1232          1231
     1236 |         1236          1235
     1248 |         1248          1247
     1251 |         1251          1250
     1256 |         1256          1255
     1267 |         1267          1266
     1272 |         1272          1271
     1285 |         1285          1284
     1304 |         1304          1303
     1343 |         1343          1342
     1348 |         1348          1347
     1364 |         1364          1363
     1369 |         1369          1368
     1373 |         1373          1372
     1380 |         1380          1379
     1396 |         1396          1395
     1407 |         1407          1406
     1411 |         1411          1410
     1418 |         1418          1417
     1443 |         1443          1442
     1446 |         1446          1445
     1453 |         1453          1452
     1479 |         1479          1478
     1491 |         1491          1490
     1513 |         1513          1512
     1522 |         1522          1521
     1531 |         1531          1530
     1533 |         1533          1532
     1540 |         1540          1539
     1553 |         1553          1552
     1591 |         1591          1590
     1622 |         1622          1621
     1627 |         1627          1626
     1641 |         1641          1640
     1644 |         1644          1643
     1667 |         1667          1666
     1668 |         1668          1667
     1669 |         1669          1668
     1685 |         1685          1684
     1686 |         1686          1685
     1695 |         1695          1694
     1698 |         1698          1697
     1699 |         1699          1698
     1703 |         1703          1702
     1717 |         1717          1716
     1764 |         1764          1763
     1801 |         1801          1800
     1828 |         1828          1827
     1849 |         1849          1848
     1862 |         1862          1861
     1923 |         3846          3844
     1977 |         1977          1976
     1980 |         1980          1979
     2019 |         2019          2018
     2024 |         2024          2023
     2039 |         2039          2038
     2045 |         2045          2044
     2047 |         2047          2046
     2081 |         2081          2080
     2253 |         2253          2252
     2315 |         2315          2314
     2424 |         2424          2423
     2448 |         2448          2447
     2495 |         2495          2494
     2496 |         2496          2495
     2518 |         2518          2517
     2591 |         2591          2590
     2655 |         2655          2654
     2679 |         2679          2678
     2732 |         2732          2731
     2848 |         2848          2847
     2898 |         2898          2897
     3070 |         3070          3069
     3128 |         3128          3127
     3160 |         3160          3159
     3203 |         3203          3202
     3204 |         3204          3203
     3330 |         3330          3329
     3406 |         3406          3405
     3457 |         3457          3456
     3502 |         3502          3501
     3529 |         3529          3528
     3807 |         3807          3806
     3928 |         3928          3927
     3963 |         3963          3962
     3965 |         3965          3964
     4116 |         4116          4115
     4410 |         4410          4409
     4434 |         4434          4433
     4542 |         4542          4541
     4919 |         4919          4918
     4930 |         4930          4929
     6240 |         6240          6239
     6569 |         6569          6568
     6589 |         6589          6588
     8248 |         8248          8247
--------------------------------------

. 

. codebook id

--------------------------------------------------------------------------------------------------------
id                                                                                                HRS id
--------------------------------------------------------------------------------------------------------

                  type:  string (str10), but longest is str9

         unique values:  11344                    missing "":  0/642699

              examples:  "040919010"
                         "076471010"
                         "202446010"
                         "207501010"

. codebook id if dem==1

--------------------------------------------------------------------------------------------------------
id                                                                                                HRS id
--------------------------------------------------------------------------------------------------------

                  type:  string (str10), but longest is str9

         unique values:  1792                     missing "":  0/4497

              examples:  "079996030"
                         "202396020"
                         "205246020"
                         "207631010"

. di 1792/11344
.15796897

. use "E:\data\serious_ill\int_data\decedents_dem_dx.dta", clear

. codebook id

--------------------------------------------------------------------------------------------------------
id                                                                                           (unlabeled)
--------------------------------------------------------------------------------------------------------

                  type:  numeric (double)

                 range:  [2010,9.183e+08]             units:  1
         unique values:  6996                     missing .:  0/341268

                  mean:   1.6e+08
              std. dev:   9.3e+07

           percentiles:        10%       25%       50%       75%       90%
                           3.5e+07   6.3e+07   2.0e+08   2.1e+08   2.1e+08

. use "E:\data\surgery_hysterectomy\int_2012clms\dm_2000_2012.dta", clear

. keep bid_hrs_21

. duplicates drop

Duplicates in terms of all variables

(249602 observations deleted)

. append using "E:\data\surgery_hysterectomy\int_2012clms\pb_2000_2012.dta", clear
option clear not allowed
r(198);

. append using "E:\data\surgery_hysterectomy\int_2012clms\pb_2000_2012.dta"

. keep bid_hrs_21

. duplicates drop

Duplicates in terms of all variables

(3076643 observations deleted)

. append using "E:\data\surgery_hysterectomy\int_2012clms\op_2000_2012.dta"

. keep bid_hrs_21

. duplicates drop

Duplicates in terms of all variables

(534138 observations deleted)

. append using "E:\data\surgery_hysterectomy\int_2012clms\mp_2000_2012.dta"

. keep bid_hrs_21

. duplicates drop

Duplicates in terms of all variables

(65810 observations deleted)

. append using "E:\data\surgery_hysterectomy\int_2012clms\hh_2000_2012.dta"

. keep bid_hrs_21

. duplicates drop

Duplicates in terms of all variables

(27054 observations deleted)

. append using "E:\data\surgery_hysterectomy\int_2012clms\hs_2000_2012.dta"

. keep bid_hrs_21

. duplicates drop

Duplicates in terms of all variables

(13760 observations deleted)

. merge 1:1 using "E:\data\serious_ill\int_data\core_ivws_criteria_5_sample1
varlist or _n required after merge 1:1
    for a match merge, you must specify the key variables after merge 1:1 or, if you want a sequential
    merge, specify merge 1:1 _n
r(198);

. rename bid_hrs_21 bid_hrs

. merge 1:1 using "E:\data\serious_ill\int_data\core_ivws_criteria_5_sample1
varlist or _n required after merge 1:1
    for a match merge, you must specify the key variables after merge 1:1 or, if you want a sequential
    merge, specify merge 1:1 _n
r(198);

. merge 1:1 bid_hrs using "E:\data\serious_ill\int_data\core_ivws_criteria_5_sample1
file E:\data\serious_ill\int_data\core_ivws_criteria_5_sample1.dta not found
r(601);

. merge 1:1 bid_hrs using "E:\data\serious_ill\int_data\core_ids_1yr_criteria_5_sample1
variable bid_hrs does not uniquely identify observations in the using data
r(459);

. merge 1:m bid_hrs using "E:\data\serious_ill\int_data\core_ids_1yr_criteria_5_sample1

    Result                           # of obs.
    -----------------------------------------
    not matched                         6,633
        from master                     6,556  (_merge==1)
        from using                         77  (_merge==2)

    matched                            35,138  (_merge==3)
    -----------------------------------------

. drop if _m==1
(6556 observations deleted)

. codebook id

--------------------------------------------------------------------------------------------------------
id                                                                                                HRS id
--------------------------------------------------------------------------------------------------------

                  type:  string (str10), but longest is str9

         unique values:  11577                    missing "":  0/35215

              examples:  "039790020"
                         "065622040"
                         "201672010"
                         "207255010"

. use "E:\data\serious_ill\int_data\decedents_dem_dx.dta", clear

. codebook id

--------------------------------------------------------------------------------------------------------
id                                                                                           (unlabeled)
--------------------------------------------------------------------------------------------------------

                  type:  numeric (double)

                 range:  [2010,9.183e+08]             units:  1
         unique values:  6996                     missing .:  0/341268

                  mean:   1.6e+08
              std. dev:   9.3e+07

           percentiles:        10%       25%       50%       75%       90%
                           3.5e+07   6.3e+07   2.0e+08   2.1e+08   2.1e+08

. use "E:\data\serious_ill\int_data\dem_dx.dta", clear

. codebook id

--------------------------------------------------------------------------------------------------------
id                                                                                                HRS id
--------------------------------------------------------------------------------------------------------

                  type:  string (str10), but longest is str9

         unique values:  11344                    missing "":  0/642699

              examples:  "040919010"
                         "076471010"
                         "202446010"
                         "207501010"

. use "E:\data\serious_ill\int_data\decedents_dem_dx.dta", clear

. codebook id

--------------------------------------------------------------------------------------------------------
id                                                                                           (unlabeled)
--------------------------------------------------------------------------------------------------------

                  type:  numeric (double)

                 range:  [2010,9.183e+08]             units:  1
         unique values:  6996                     missing .:  0/341268

                  mean:   1.6e+08
              std. dev:   9.3e+07

           percentiles:        10%       25%       50%       75%       90%
                           3.5e+07   6.3e+07   2.0e+08   2.1e+08   2.1e+08

. foreach x in mp op pb hs hh dm {
  2. gen s`x'=source==`x'
  3. egen `x'=max(s`x'), by(bid)
  4. }
mp not found
r(111);

. codebook source

--------------------------------------------------------------------------------------------------------
source                                                                                       (unlabeled)
--------------------------------------------------------------------------------------------------------

                  type:  string (str2), but longest is str0

         unique values:  0                        missing "":  341268/341268

            tabulation:  Freq.  Value
                        3.4e+05 ""

. tab source
no observations

. use "E:\data\serious_ill\int_data\interviews_dem_dx.dta", clear

. use "E:\data\serious_ill\int_data\interviews_dem_dx.dta", clear

. tab source

     source |      Freq.     Percent        Cum.
------------+-----------------------------------
   &source. |    642,699      100.00      100.00
------------+-----------------------------------
      Total |    642,699      100.00

. use "E:\data\serious_ill\int_data\interviews_dem_dx.dta", clear

. tab sou

     source |      Freq.     Percent        Cum.
------------+-----------------------------------
         dm |     14,408        2.24        2.24
         hh |     19,400        3.02        5.26
         hs |        344        0.05        5.31
         mp |     68,522       10.66       15.98
         op |    146,407       22.78       38.76
         pb |    393,618       61.24      100.00
------------+-----------------------------------
      Total |    642,699      100.00

. foreach x in mp op pb hs hh dm {
  2. gen s`x'=source==`x'
  3. egen `x'=max(s`x'), by(bid)
  4. }
mp not found
r(111);

. foreach x in mp op pb hs hh dm {
  2. gen s`x'=source=="`x'"
  3. egen `x'=max(s`x'), by(bid)
  4. }

. use "E:\data\serious_ill\int_data\interviews_dem_dx.dta", clear

. foreach x in mp op pb hs hh dm {
  2. 
. gen s`x'=source=="`x'"
  3. 
. egen `x'=max(s`x'), by(bid)
  4. drop s`x'
  5. }

. by id, sort: gen num=_n

. tab num

        num |      Freq.     Percent        Cum.
------------+-----------------------------------
          1 |     11,344        1.77        1.77
          2 |     11,273        1.75        3.52
          3 |     11,194        1.74        5.26
          4 |     11,129        1.73        6.99
          5 |     11,048        1.72        8.71
          6 |     10,977        1.71       10.42
          7 |     10,906        1.70       12.12
          8 |     10,808        1.68       13.80
          9 |     10,705        1.67       15.46
         10 |     10,614        1.65       17.12
         11 |     10,501        1.63       18.75
         12 |     10,406        1.62       20.37
         13 |     10,279        1.60       21.97
         14 |     10,158        1.58       23.55
         15 |     10,031        1.56       25.11
         16 |      9,905        1.54       26.65
         17 |      9,786        1.52       28.17
         18 |      9,657        1.50       29.68
         19 |      9,499        1.48       31.15
         20 |      9,405        1.46       32.62
         21 |      9,255        1.44       34.06
         22 |      9,117        1.42       35.47
         23 |      8,964        1.39       36.87
         24 |      8,840        1.38       38.25
         25 |      8,678        1.35       39.60
         26 |      8,540        1.33       40.92
         27 |      8,399        1.31       42.23
         28 |      8,262        1.29       43.52
         29 |      8,141        1.27       44.78
         30 |      8,025        1.25       46.03
         31 |      7,890        1.23       47.26
         32 |      7,740        1.20       48.46
         33 |      7,606        1.18       49.65
         34 |      7,462        1.16       50.81
         35 |      7,332        1.14       51.95
         36 |      7,212        1.12       53.07
         37 |      7,085        1.10       54.17
         38 |      6,973        1.08       55.26
         39 |      6,863        1.07       56.33
         40 |      6,731        1.05       57.37
         41 |      6,601        1.03       58.40
         42 |      6,469        1.01       59.41
         43 |      6,350        0.99       60.40
         44 |      6,191        0.96       61.36
         45 |      6,078        0.95       62.30
         46 |      5,966        0.93       63.23
         47 |      5,819        0.91       64.14
         48 |      5,708        0.89       65.03
         49 |      5,601        0.87       65.90
         50 |      5,493        0.85       66.75
         51 |      5,368        0.84       67.59
         52 |      5,277        0.82       68.41
         53 |      5,172        0.80       69.21
         54 |      5,066        0.79       70.00
         55 |      4,951        0.77       70.77
         56 |      4,848        0.75       71.53
         57 |      4,752        0.74       72.27
         58 |      4,638        0.72       72.99
         59 |      4,542        0.71       73.69
         60 |      4,430        0.69       74.38
         61 |      4,329        0.67       75.06
         62 |      4,236        0.66       75.72
         63 |      4,160        0.65       76.36
         64 |      4,080        0.63       77.00
         65 |      4,000        0.62       77.62
         66 |      3,910        0.61       78.23
         67 |      3,807        0.59       78.82
         68 |      3,711        0.58       79.40
         69 |      3,611        0.56       79.96
         70 |      3,539        0.55       80.51
         71 |      3,460        0.54       81.05
         72 |      3,382        0.53       81.58
         73 |      3,298        0.51       82.09
         74 |      3,212        0.50       82.59
         75 |      3,133        0.49       83.08
         76 |      3,062        0.48       83.55
         77 |      2,984        0.46       84.02
         78 |      2,907        0.45       84.47
         79 |      2,826        0.44       84.91
         80 |      2,765        0.43       85.34
         81 |      2,697        0.42       85.76
         82 |      2,624        0.41       86.17
         83 |      2,561        0.40       86.57
         84 |      2,479        0.39       86.95
         85 |      2,419        0.38       87.33
         86 |      2,361        0.37       87.69
         87 |      2,282        0.36       88.05
         88 |      2,214        0.34       88.39
         89 |      2,165        0.34       88.73
         90 |      2,106        0.33       89.06
         91 |      2,056        0.32       89.38
         92 |      1,996        0.31       89.69
         93 |      1,949        0.30       89.99
         94 |      1,897        0.30       90.29
         95 |      1,846        0.29       90.57
         96 |      1,779        0.28       90.85
         97 |      1,727        0.27       91.12
         98 |      1,676        0.26       91.38
         99 |      1,626        0.25       91.63
        100 |      1,583        0.25       91.88
        101 |      1,553        0.24       92.12
        102 |      1,510        0.23       92.36
        103 |      1,463        0.23       92.58
        104 |      1,435        0.22       92.81
        105 |      1,398        0.22       93.03
        106 |      1,370        0.21       93.24
        107 |      1,331        0.21       93.45
        108 |      1,295        0.20       93.65
        109 |      1,256        0.20       93.84
        110 |      1,227        0.19       94.03
        111 |      1,194        0.19       94.22
        112 |      1,150        0.18       94.40
        113 |      1,126        0.18       94.57
        114 |      1,097        0.17       94.74
        115 |      1,057        0.16       94.91
        116 |      1,021        0.16       95.07
        117 |        997        0.16       95.22
        118 |        973        0.15       95.37
        119 |        938        0.15       95.52
        120 |        905        0.14       95.66
        121 |        874        0.14       95.80
        122 |        837        0.13       95.93
        123 |        821        0.13       96.05
        124 |        793        0.12       96.18
        125 |        767        0.12       96.30
        126 |        744        0.12       96.41
        127 |        718        0.11       96.52
        128 |        697        0.11       96.63
        129 |        678        0.11       96.74
        130 |        653        0.10       96.84
        131 |        640        0.10       96.94
        132 |        628        0.10       97.04
        133 |        611        0.10       97.13
        134 |        598        0.09       97.23
        135 |        576        0.09       97.32
        136 |        555        0.09       97.40
        137 |        537        0.08       97.49
        138 |        525        0.08       97.57
        139 |        507        0.08       97.65
        140 |        489        0.08       97.72
        141 |        469        0.07       97.80
        142 |        449        0.07       97.86
        143 |        433        0.07       97.93
        144 |        418        0.07       98.00
        145 |        408        0.06       98.06
        146 |        401        0.06       98.12
        147 |        394        0.06       98.18
        148 |        386        0.06       98.24
        149 |        372        0.06       98.30
        150 |        357        0.06       98.36
        151 |        350        0.05       98.41
        152 |        339        0.05       98.47
        153 |        330        0.05       98.52
        154 |        312        0.05       98.57
        155 |        301        0.05       98.61
        156 |        293        0.05       98.66
        157 |        287        0.04       98.70
        158 |        273        0.04       98.74
        159 |        263        0.04       98.79
        160 |        255        0.04       98.83
        161 |        247        0.04       98.86
        162 |        237        0.04       98.90
        163 |        231        0.04       98.94
        164 |        229        0.04       98.97
        165 |        219        0.03       99.01
        166 |        208        0.03       99.04
        167 |        203        0.03       99.07
        168 |        197        0.03       99.10
        169 |        193        0.03       99.13
        170 |        185        0.03       99.16
        171 |        180        0.03       99.19
        172 |        172        0.03       99.21
        173 |        167        0.03       99.24
        174 |        160        0.02       99.27
        175 |        156        0.02       99.29
        176 |        151        0.02       99.31
        177 |        144        0.02       99.34
        178 |        138        0.02       99.36
        179 |        137        0.02       99.38
        180 |        134        0.02       99.40
        181 |        131        0.02       99.42
        182 |        128        0.02       99.44
        183 |        122        0.02       99.46
        184 |        121        0.02       99.48
        185 |        117        0.02       99.50
        186 |        112        0.02       99.51
        187 |        106        0.02       99.53
        188 |        102        0.02       99.55
        189 |         99        0.02       99.56
        190 |         95        0.01       99.58
        191 |         92        0.01       99.59
        192 |         91        0.01       99.60
        193 |         87        0.01       99.62
        194 |         86        0.01       99.63
        195 |         85        0.01       99.64
        196 |         81        0.01       99.66
        197 |         80        0.01       99.67
        198 |         78        0.01       99.68
        199 |         76        0.01       99.69
        200 |         73        0.01       99.70
        201 |         70        0.01       99.72
        202 |         69        0.01       99.73
        203 |         68        0.01       99.74
        204 |         67        0.01       99.75
        205 |         66        0.01       99.76
        206 |         62        0.01       99.77
        207 |         59        0.01       99.78
        208 |         57        0.01       99.78
        209 |         56        0.01       99.79
        210 |         52        0.01       99.80
        211 |         52        0.01       99.81
        212 |         51        0.01       99.82
        213 |         50        0.01       99.83
        214 |         49        0.01       99.83
        215 |         47        0.01       99.84
        216 |         46        0.01       99.85
        217 |         45        0.01       99.85
        218 |         44        0.01       99.86
        219 |         42        0.01       99.87
        220 |         38        0.01       99.87
        221 |         35        0.01       99.88
        222 |         33        0.01       99.88
        223 |         32        0.00       99.89
        224 |         29        0.00       99.89
        225 |         28        0.00       99.90
        226 |         27        0.00       99.90
        227 |         25        0.00       99.91
        228 |         24        0.00       99.91
        229 |         24        0.00       99.91
        230 |         23        0.00       99.92
        231 |         21        0.00       99.92
        232 |         21        0.00       99.92
        233 |         20        0.00       99.93
        234 |         20        0.00       99.93
        235 |         19        0.00       99.93
        236 |         18        0.00       99.94
        237 |         17        0.00       99.94
        238 |         16        0.00       99.94
        239 |         16        0.00       99.94
        240 |         15        0.00       99.95
        241 |         13        0.00       99.95
        242 |         12        0.00       99.95
        243 |         12        0.00       99.95
        244 |         12        0.00       99.95
        245 |         12        0.00       99.96
        246 |         12        0.00       99.96
        247 |         11        0.00       99.96
        248 |         10        0.00       99.96
        249 |         10        0.00       99.96
        250 |          9        0.00       99.96
        251 |          9        0.00       99.96
        252 |          8        0.00       99.97
        253 |          8        0.00       99.97
        254 |          7        0.00       99.97
        255 |          7        0.00       99.97
        256 |          7        0.00       99.97
        257 |          7        0.00       99.97
        258 |          6        0.00       99.97
        259 |          5        0.00       99.97
        260 |          5        0.00       99.97
        261 |          5        0.00       99.98
        262 |          5        0.00       99.98
        263 |          5        0.00       99.98
        264 |          5        0.00       99.98
        265 |          5        0.00       99.98
        266 |          5        0.00       99.98
        267 |          4        0.00       99.98
        268 |          4        0.00       99.98
        269 |          4        0.00       99.98
        270 |          4        0.00       99.98
        271 |          4        0.00       99.98
        272 |          4        0.00       99.98
        273 |          4        0.00       99.98
        274 |          4        0.00       99.98
        275 |          4        0.00       99.98
        276 |          3        0.00       99.99
        277 |          3        0.00       99.99
        278 |          3        0.00       99.99
        279 |          2        0.00       99.99
        280 |          2        0.00       99.99
        281 |          2        0.00       99.99
        282 |          2        0.00       99.99
        283 |          2        0.00       99.99
        284 |          2        0.00       99.99
        285 |          2        0.00       99.99
        286 |          2        0.00       99.99
        287 |          2        0.00       99.99
        288 |          2        0.00       99.99
        289 |          2        0.00       99.99
        290 |          2        0.00       99.99
        291 |          2        0.00       99.99
        292 |          2        0.00       99.99
        293 |          2        0.00       99.99
        294 |          2        0.00       99.99
        295 |          2        0.00       99.99
        296 |          2        0.00       99.99
        297 |          2        0.00       99.99
        298 |          2        0.00       99.99
        299 |          2        0.00       99.99
        300 |          1        0.00       99.99
        301 |          1        0.00       99.99
        302 |          1        0.00       99.99
        303 |          1        0.00       99.99
        304 |          1        0.00       99.99
        305 |          1        0.00       99.99
        306 |          1        0.00       99.99
        307 |          1        0.00       99.99
        308 |          1        0.00       99.99
        309 |          1        0.00       99.99
        310 |          1        0.00       99.99
        311 |          1        0.00       99.99
        312 |          1        0.00       99.99
        313 |          1        0.00       99.99
        314 |          1        0.00       99.99
        315 |          1        0.00      100.00
        316 |          1        0.00      100.00
        317 |          1        0.00      100.00
        318 |          1        0.00      100.00
        319 |          1        0.00      100.00
        320 |          1        0.00      100.00
        321 |          1        0.00      100.00
        322 |          1        0.00      100.00
        323 |          1        0.00      100.00
        324 |          1        0.00      100.00
        325 |          1        0.00      100.00
        326 |          1        0.00      100.00
        327 |          1        0.00      100.00
        328 |          1        0.00      100.00
        329 |          1        0.00      100.00
        330 |          1        0.00      100.00
        331 |          1        0.00      100.00
        332 |          1        0.00      100.00
        333 |          1        0.00      100.00
        334 |          1        0.00      100.00
        335 |          1        0.00      100.00
        336 |          1        0.00      100.00
        337 |          1        0.00      100.00
        338 |          1        0.00      100.00
        339 |          1        0.00      100.00
        340 |          1        0.00      100.00
        341 |          1        0.00      100.00
        342 |          1        0.00      100.00
        343 |          1        0.00      100.00
        344 |          1        0.00      100.00
        345 |          1        0.00      100.00
        346 |          1        0.00      100.00
        347 |          1        0.00      100.00
------------+-----------------------------------
      Total |    642,699      100.00

. use "E:\data\serious_ill\int_data\interviews_dem_dx.dta", clear

. by id index_date, sort: gen num=_n

. duplicates drop

Duplicates in terms of all variables

(0 observations are duplicates)

. drop if dem_dx==0
(638202 observations deleted)

. tab dx

         dx |      Freq.     Percent        Cum.
------------+-----------------------------------
       2900 |        640       14.23       14.23
      29000 |          3        0.07       14.30
       2901 |          3        0.07       14.37
      29010 |        136        3.02       17.39
      29011 |         16        0.36       17.75
      29012 |         15        0.33       18.08
      29013 |         17        0.38       18.46
       2902 |          4        0.09       18.55
      29020 |        115        2.56       21.10
      29021 |        139        3.09       24.19
       2903 |         66        1.47       25.66
      29040 |        214        4.76       30.42
      29041 |         53        1.18       31.60
      29042 |         40        0.89       32.49
      29043 |         55        1.22       33.71
       2912 |          9        0.20       33.91
      29410 |        531       11.81       45.72
      29411 |        230        5.11       50.83
       2948 |      1,074       23.88       74.72
      29481 |          1        0.02       74.74
       2949 |        141        3.14       77.87
       3310 |        889       19.77       97.64
      33100 |          1        0.02       97.67
       3311 |          5        0.11       97.78
      33111 |          1        0.02       97.80
      33119 |          6        0.13       97.93
       3312 |         93        2.07      100.00
------------+-----------------------------------
      Total |      4,497      100.00

. tab dx_0

       dx_0 |      Freq.     Percent        Cum.
------------+-----------------------------------
       2900 |        640       14.23       14.23
      29000 |          3        0.07       14.30
       2901 |          3        0.07       14.37
      29010 |        136        3.02       17.39
      29011 |         16        0.36       17.75
      29012 |         15        0.33       18.08
      29013 |         17        0.38       18.46
       2902 |          4        0.09       18.55
      29020 |        115        2.56       21.10
      29021 |        139        3.09       24.19
       2903 |         66        1.47       25.66
      29040 |        214        4.76       30.42
      29041 |         53        1.18       31.60
      29042 |         40        0.89       32.49
      29043 |         55        1.22       33.71
       2912 |          9        0.20       33.91
      29410 |        531       11.81       45.72
      29411 |        230        5.11       50.83
       2948 |      1,074       23.88       74.72
      29481 |          1        0.02       74.74
       2949 |        141        3.14       77.87
       3310 |        889       19.77       97.64
      33100 |          1        0.02       97.67
       3311 |          5        0.11       97.78
      33111 |          1        0.02       97.80
      33119 |          6        0.13       97.93
       3312 |         93        2.07      100.00
------------+-----------------------------------
      Total |      4,497      100.00

. tab dx

         dx |      Freq.     Percent        Cum.
------------+-----------------------------------
       2900 |        640       14.23       14.23
      29000 |          3        0.07       14.30
       2901 |          3        0.07       14.37
      29010 |        136        3.02       17.39
      29011 |         16        0.36       17.75
      29012 |         15        0.33       18.08
      29013 |         17        0.38       18.46
       2902 |          4        0.09       18.55
      29020 |        115        2.56       21.10
      29021 |        139        3.09       24.19
       2903 |         66        1.47       25.66
      29040 |        214        4.76       30.42
      29041 |         53        1.18       31.60
      29042 |         40        0.89       32.49
      29043 |         55        1.22       33.71
       2912 |          9        0.20       33.91
      29410 |        531       11.81       45.72
      29411 |        230        5.11       50.83
       2948 |      1,074       23.88       74.72
      29481 |          1        0.02       74.74
       2949 |        141        3.14       77.87
       3310 |        889       19.77       97.64
      33100 |          1        0.02       97.67
       3311 |          5        0.11       97.78
      33111 |          1        0.02       97.80
      33119 |          6        0.13       97.93
       3312 |         93        2.07      100.00
------------+-----------------------------------
      Total |      4,497      100.00

. foreach x in mp op pb hs hh dm {
  2. 
. gen s`x'=source=="`x'"
  3. 
. by id index_date, sort: egen `x'=max(s`x')
  4. 
. drop s`x'
  5. 
. }

. tab num

        num |      Freq.     Percent        Cum.
------------+-----------------------------------
          1 |        173        3.85        3.85
          2 |        215        4.78        8.63
          3 |        181        4.02       12.65
          4 |        178        3.96       16.61
          5 |        164        3.65       20.26
          6 |        180        4.00       24.26
          7 |        172        3.82       28.09
          8 |        172        3.82       31.91
          9 |        159        3.54       35.45
         10 |        172        3.82       39.27
         11 |        138        3.07       42.34
         12 |        138        3.07       45.41
         13 |        140        3.11       48.52
         14 |        116        2.58       51.10
         15 |        109        2.42       53.52
         16 |        121        2.69       56.22
         17 |        102        2.27       58.48
         18 |        101        2.25       60.73
         19 |         94        2.09       62.82
         20 |        107        2.38       65.20
         21 |         93        2.07       67.27
         22 |         82        1.82       69.09
         23 |         88        1.96       71.05
         24 |         84        1.87       72.92
         25 |         68        1.51       74.43
         26 |         66        1.47       75.90
         27 |         64        1.42       77.32
         28 |         54        1.20       78.52
         29 |         52        1.16       79.68
         30 |         59        1.31       80.99
         31 |         51        1.13       82.12
         32 |         54        1.20       83.32
         33 |         42        0.93       84.26
         34 |         44        0.98       85.23
         35 |         33        0.73       85.97
         36 |         34        0.76       86.72
         37 |         30        0.67       87.39
         38 |         34        0.76       88.15
         39 |         28        0.62       88.77
         40 |         25        0.56       89.33
         41 |         28        0.62       89.95
         42 |         21        0.47       90.42
         43 |         25        0.56       90.97
         44 |         26        0.58       91.55
         45 |         22        0.49       92.04
         46 |         26        0.58       92.62
         47 |         17        0.38       93.00
         48 |         15        0.33       93.33
         49 |         14        0.31       93.64
         50 |         16        0.36       94.00
         51 |         18        0.40       94.40
         52 |         18        0.40       94.80
         53 |         17        0.38       95.17
         54 |         14        0.31       95.49
         55 |         15        0.33       95.82
         56 |          9        0.20       96.02
         57 |         16        0.36       96.38
         58 |         10        0.22       96.60
         59 |         15        0.33       96.93
         60 |          7        0.16       97.09
         61 |          9        0.20       97.29
         62 |          2        0.04       97.33
         63 |          5        0.11       97.44
         64 |          6        0.13       97.58
         65 |          6        0.13       97.71
         66 |          8        0.18       97.89
         67 |          5        0.11       98.00
         68 |          9        0.20       98.20
         69 |          4        0.09       98.29
         70 |          4        0.09       98.38
         71 |          6        0.13       98.51
         72 |          7        0.16       98.67
         73 |          3        0.07       98.73
         74 |          1        0.02       98.75
         75 |          3        0.07       98.82
         76 |          2        0.04       98.87
         77 |          1        0.02       98.89
         78 |          6        0.13       99.02
         79 |          2        0.04       99.07
         80 |          3        0.07       99.13
         81 |          3        0.07       99.20
         82 |          5        0.11       99.31
         83 |          3        0.07       99.38
         84 |          1        0.02       99.40
         85 |          2        0.04       99.44
         86 |          3        0.07       99.51
         87 |          2        0.04       99.56
         88 |          1        0.02       99.58
         89 |          2        0.04       99.62
         90 |          1        0.02       99.64
         93 |          2        0.04       99.69
         95 |          2        0.04       99.73
         96 |          1        0.02       99.76
         97 |          2        0.04       99.80
         99 |          1        0.02       99.82
        104 |          1        0.02       99.84
        109 |          1        0.02       99.87
        113 |          1        0.02       99.89
        117 |          1        0.02       99.91
        120 |          1        0.02       99.93
        121 |          1        0.02       99.96
        129 |          1        0.02       99.98
        135 |          1        0.02      100.00
------------+-----------------------------------
      Total |      4,497      100.00

. drop dx_0

. tab id

     HRS id |      Freq.     Percent        Cum.
------------+-----------------------------------
  010210010 |          3        0.07        0.07
  010281010 |          1        0.02        0.09
  010645030 |          1        0.02        0.11
  010652010 |          1        0.02        0.13
  010719020 |          1        0.02        0.16
  010917010 |          2        0.04        0.20
  011377010 |          2        0.04        0.24
  011379010 |          5        0.11        0.36
  011379020 |          3        0.07        0.42
  011387020 |          3        0.07        0.49
  011656010 |          5        0.11        0.60
  011667020 |          1        0.02        0.62
  011667030 |          1        0.02        0.64
  011993010 |          1        0.02        0.67
  012118030 |          3        0.07        0.73
  012183010 |          1        0.02        0.76
  012292010 |          1        0.02        0.78
  012292020 |          1        0.02        0.80
  012393030 |          5        0.11        0.91
  012417010 |          5        0.11        1.02
  012709020 |          3        0.07        1.09
  012765010 |          2        0.04        1.13
  012887010 |          3        0.07        1.20
  012987010 |          4        0.09        1.29
  013706010 |          1        0.02        1.31
  014024030 |          4        0.09        1.40
  014080020 |          3        0.07        1.47
  014121010 |          3        0.07        1.53
  014137010 |          3        0.07        1.60
  014212020 |          7        0.16        1.76
  014568020 |          1        0.02        1.78
  014670010 |          3        0.07        1.85
  014681010 |          7        0.16        2.00
  015131010 |          2        0.04        2.05
  015140010 |          2        0.04        2.09
  015469010 |          3        0.07        2.16
  015588040 |          1        0.02        2.18
  015618010 |          3        0.07        2.25
  015709030 |          1        0.02        2.27
  015758010 |          1        0.02        2.29
  015840030 |          1        0.02        2.31
  015960010 |          2        0.04        2.36
  015987010 |          4        0.09        2.45
  016013010 |          1        0.02        2.47
  016022040 |          1        0.02        2.49
  016042011 |          1        0.02        2.51
  016246020 |          4        0.09        2.60
  016248010 |          1        0.02        2.62
  016570010 |          2        0.04        2.67
  016681010 |          4        0.09        2.76
  016711020 |          2        0.04        2.80
  016846040 |          2        0.04        2.85
  017031010 |          5        0.11        2.96
  017031020 |         10        0.22        3.18
  017042010 |          5        0.11        3.29
  017134010 |          2        0.04        3.34
  017338010 |          5        0.11        3.45
  017366020 |          6        0.13        3.58
  017506020 |          6        0.13        3.71
  017521010 |          1        0.02        3.74
  017588010 |          1        0.02        3.76
  017626011 |          1        0.02        3.78
  017755010 |          2        0.04        3.82
  017785030 |          1        0.02        3.85
  017980010 |          1        0.02        3.87
  018052010 |          1        0.02        3.89
  018150040 |          2        0.04        3.94
  018163020 |          1        0.02        3.96
  018204020 |          1        0.02        3.98
  018212011 |          1        0.02        4.00
  018443010 |          1        0.02        4.02
  018733020 |          3        0.07        4.09
  019058010 |          1        0.02        4.11
  019117011 |          1        0.02        4.14
  019154040 |          6        0.13        4.27
  019167010 |          2        0.04        4.31
  019213020 |          1        0.02        4.34
  019333010 |          1        0.02        4.36
  019646010 |          3        0.07        4.43
  019747030 |          1        0.02        4.45
  019759020 |          1        0.02        4.47
  019909020 |          7        0.16        4.63
  019992040 |          1        0.02        4.65
  020306010 |          3        0.07        4.71
  020860020 |          5        0.11        4.83
  021054010 |          1        0.02        4.85
  021078040 |          2        0.04        4.89
  021117010 |          1        0.02        4.91
  021316021 |          2        0.04        4.96
  021710020 |          1        0.02        4.98
  021710030 |          6        0.13        5.11
  021749040 |          2        0.04        5.16
  022109020 |          4        0.09        5.25
  022174010 |          2        0.04        5.29
  022233010 |          2        0.04        5.34
  022266010 |          5        0.11        5.45
  022266020 |          1        0.02        5.47
  022335020 |          2        0.04        5.51
  022420010 |          1        0.02        5.54
  022599010 |          2        0.04        5.58
  022731020 |          1        0.02        5.60
  022861010 |          2        0.04        5.65
  023028020 |          2        0.04        5.69
  023039010 |          3        0.07        5.76
  023183010 |          3        0.07        5.83
  023425010 |          1        0.02        5.85
  023425020 |          3        0.07        5.92
  023453010 |          4        0.09        6.00
  023453040 |          4        0.09        6.09
  023716010 |          1        0.02        6.12
  023876010 |          3        0.07        6.18
  024132020 |          2        0.04        6.23
  024218040 |          1        0.02        6.25
  024420020 |          1        0.02        6.27
  024548010 |          4        0.09        6.36
  025253010 |          1        0.02        6.38
  025399040 |          2        0.04        6.43
  025513010 |          1        0.02        6.45
  030406040 |          3        0.07        6.52
  030551010 |          3        0.07        6.58
  030733030 |          4        0.09        6.67
  030760010 |          1        0.02        6.69
  030932040 |          3        0.07        6.76
  031450040 |          1        0.02        6.78
  031867020 |          3        0.07        6.85
  031890010 |          2        0.04        6.89
  031890040 |          1        0.02        6.92
  032119010 |          2        0.04        6.96
  032142010 |          1        0.02        6.98
  032214010 |          2        0.04        7.03
  032378040 |          1        0.02        7.05
  032678010 |          4        0.09        7.14
  032750010 |          1        0.02        7.16
  032809010 |          5        0.11        7.27
  032877020 |          1        0.02        7.29
  033303030 |          3        0.07        7.36
  033322040 |          1        0.02        7.38
  033387020 |          2        0.04        7.43
  033390010 |          1        0.02        7.45
  033944030 |          1        0.02        7.47
  034161020 |          1        0.02        7.49
  034274030 |          3        0.07        7.56
  034276010 |          5        0.11        7.67
  034437010 |          7        0.16        7.83
  034765020 |          1        0.02        7.85
  034938020 |          7        0.16        8.01
  035169040 |          6        0.13        8.14
  035264030 |          3        0.07        8.21
  035265010 |          3        0.07        8.27
  035321020 |          2        0.04        8.32
  035825010 |          1        0.02        8.34
  036233020 |          1        0.02        8.36
  036708020 |          6        0.13        8.49
  036902020 |          1        0.02        8.52
  037072010 |          1        0.02        8.54
  037101020 |          1        0.02        8.56
  037373010 |          1        0.02        8.58
  037414010 |          2        0.04        8.63
  037640040 |          2        0.04        8.67
  037776020 |          1        0.02        8.69
  037871030 |          3        0.07        8.76
  037955020 |          1        0.02        8.78
  038033020 |          1        0.02        8.81
  038089020 |          1        0.02        8.83
  038298010 |          1        0.02        8.85
  038577020 |          4        0.09        8.94
  038616010 |          9        0.20        9.14
  038916020 |          1        0.02        9.16
  039059021 |          1        0.02        9.18
  039115030 |          2        0.04        9.23
  039138010 |          1        0.02        9.25
  039191020 |          5        0.11        9.36
  039191030 |          2        0.04        9.41
  039275010 |          1        0.02        9.43
  039411020 |          1        0.02        9.45
  039649020 |          1        0.02        9.47
  039775020 |          1        0.02        9.50
  039779030 |          1        0.02        9.52
  039958040 |          1        0.02        9.54
  040065020 |          4        0.09        9.63
  040123010 |          1        0.02        9.65
  040326010 |          2        0.04        9.70
  040761010 |          3        0.07        9.76
  041037040 |          4        0.09        9.85
  041250010 |          1        0.02        9.87
  041353020 |          1        0.02        9.90
  041353030 |          2        0.04        9.94
  041896040 |          2        0.04        9.98
  042294020 |          1        0.02       10.01
  042294030 |          2        0.04       10.05
  042583040 |          1        0.02       10.07
  042739020 |          4        0.09       10.16
  042913020 |          1        0.02       10.18
  043131010 |          2        0.04       10.23
  043257020 |          1        0.02       10.25
  043277020 |          2        0.04       10.30
  043298040 |          1        0.02       10.32
  043350010 |          5        0.11       10.43
  043407030 |          2        0.04       10.47
  043460010 |          4        0.09       10.56
  043497010 |          1        0.02       10.58
  043520020 |          1        0.02       10.61
  043520030 |          2        0.04       10.65
  043525010 |          5        0.11       10.76
  043544010 |          2        0.04       10.81
  043628010 |          4        0.09       10.90
  043763020 |          1        0.02       10.92
  043787010 |          1        0.02       10.94
  043956040 |          1        0.02       10.96
  043981020 |          1        0.02       10.99
  044003030 |          1        0.02       11.01
  044056010 |          4        0.09       11.10
  044153040 |          6        0.13       11.23
  044202010 |          1        0.02       11.25
  044336020 |          3        0.07       11.32
  044503020 |          4        0.09       11.41
  044647020 |          2        0.04       11.45
  044679010 |          1        0.02       11.47
  044764011 |          1        0.02       11.50
  044836040 |          2        0.04       11.54
  044945010 |          3        0.07       11.61
  044975020 |          1        0.02       11.63
  045027010 |          1        0.02       11.65
  045156020 |          2        0.04       11.70
  045183010 |          8        0.18       11.87
  045209020 |          3        0.07       11.94
  045216010 |          1        0.02       11.96
  045236020 |          1        0.02       11.99
  045373010 |          2        0.04       12.03
  045509010 |          1        0.02       12.05
  046384010 |          3        0.07       12.12
  046697010 |          4        0.09       12.21
  047061040 |          1        0.02       12.23
  047498020 |          2        0.04       12.27
  047660020 |          2        0.04       12.32
  047675030 |          2        0.04       12.36
  047902010 |          3        0.07       12.43
  048507020 |          1        0.02       12.45
  048534010 |          4        0.09       12.54
  048605030 |          1        0.02       12.56
  048629030 |          3        0.07       12.63
  048823010 |          1        0.02       12.65
  049199010 |          1        0.02       12.68
  049235010 |          1        0.02       12.70
  050143020 |          2        0.04       12.74
  050182020 |          1        0.02       12.76
  050243010 |          1        0.02       12.79
  050392010 |          6        0.13       12.92
  050432040 |          6        0.13       13.05
  050456040 |          3        0.07       13.12
  050461020 |          1        0.02       13.14
  050596020 |          1        0.02       13.16
  050665020 |          2        0.04       13.21
  050937010 |          2        0.04       13.25
  050993040 |          2        0.04       13.30
  051038010 |          1        0.02       13.32
  051106010 |          1        0.02       13.34
  051251010 |          3        0.07       13.41
  051273010 |          1        0.02       13.43
  051306010 |          3        0.07       13.50
  051306020 |          1        0.02       13.52
  051405010 |          3        0.07       13.59
  051468010 |          1        0.02       13.61
  051510010 |          2        0.04       13.65
  051515010 |          1        0.02       13.68
  051518010 |          4        0.09       13.76
  051655010 |          2        0.04       13.81
  051824010 |          1        0.02       13.83
  051911010 |          1        0.02       13.85
  051975030 |          1        0.02       13.88
  052105040 |          1        0.02       13.90
  052171030 |          3        0.07       13.96
  052253010 |          1        0.02       13.99
  052259010 |          1        0.02       14.01
  052289020 |          2        0.04       14.05
  052496010 |          1        0.02       14.08
  052583010 |          1        0.02       14.10
  052645010 |          2        0.04       14.14
  052676020 |          5        0.11       14.25
  052695030 |          6        0.13       14.39
  052745020 |          1        0.02       14.41
  052829011 |          4        0.09       14.50
  053050020 |          4        0.09       14.59
  053055040 |          3        0.07       14.65
  053087010 |          1        0.02       14.68
  053094040 |          3        0.07       14.74
  053255030 |          2        0.04       14.79
  053326010 |          1        0.02       14.81
  053376020 |          3        0.07       14.88
  053407020 |          2        0.04       14.92
  053462030 |          2        0.04       14.97
  053949010 |          1        0.02       14.99
  054008010 |          1        0.02       15.01
  054154010 |          4        0.09       15.10
  054284020 |          4        0.09       15.19
  054317010 |          3        0.07       15.25
  054362010 |          1        0.02       15.28
  054534010 |          2        0.04       15.32
  054534020 |          2        0.04       15.37
  054542021 |          3        0.07       15.43
  054620040 |          1        0.02       15.45
  055134030 |          1        0.02       15.48
  055253020 |          2        0.04       15.52
  055601040 |          1        0.02       15.54
  056024010 |          3        0.07       15.61
  056072010 |          1        0.02       15.63
  056182010 |          1        0.02       15.65
  056436020 |          1        0.02       15.68
  056610010 |          1        0.02       15.70
  057170010 |          1        0.02       15.72
  057306020 |          1        0.02       15.74
  057472010 |          2        0.04       15.79
  057627010 |          2        0.04       15.83
  057717020 |          5        0.11       15.94
  058098010 |          1        0.02       15.97
  058153010 |          5        0.11       16.08
  058678010 |          2        0.04       16.12
  058798040 |          1        0.02       16.14
  059439030 |          3        0.07       16.21
  059690020 |          2        0.04       16.26
  059695010 |          1        0.02       16.28
  059736040 |          2        0.04       16.32
  059762010 |          4        0.09       16.41
  059955010 |          3        0.07       16.48
  059998010 |          2        0.04       16.52
  060084010 |          1        0.02       16.54
  060470030 |          3        0.07       16.61
  060477010 |          2        0.04       16.66
  060518010 |          3        0.07       16.72
  060741010 |          1        0.02       16.74
  060747010 |          2        0.04       16.79
  060885020 |          3        0.07       16.86
  061015020 |          1        0.02       16.88
  061102020 |          2        0.04       16.92
  061134020 |          1        0.02       16.94
  061145020 |          2        0.04       16.99
  061215020 |          3        0.07       17.06
  061226010 |          1        0.02       17.08
  061251010 |          2        0.04       17.12
  061326030 |          1        0.02       17.14
  062108011 |          2        0.04       17.19
  062521010 |          1        0.02       17.21
  063559020 |          1        0.02       17.23
  064867030 |          4        0.09       17.32
  065214030 |          1        0.02       17.34
  065218011 |          1        0.02       17.37
  065888020 |          1        0.02       17.39
  066031040 |          2        0.04       17.43
  070989020 |          1        0.02       17.46
  071057010 |          4        0.09       17.55
  071197020 |          1        0.02       17.57
  071203010 |          3        0.07       17.63
  071272011 |          5        0.11       17.75
  071463010 |          4        0.09       17.83
  071818020 |          1        0.02       17.86
  072857010 |          1        0.02       17.88
  073149020 |          1        0.02       17.90
  073180010 |          4        0.09       17.99
  073393020 |          1        0.02       18.01
  073660030 |          1        0.02       18.03
  073756020 |          5        0.11       18.15
  073779010 |          3        0.07       18.21
  074034010 |          1        0.02       18.23
  074377020 |          2        0.04       18.28
  075060020 |          1        0.02       18.30
  075062010 |          3        0.07       18.37
  075886020 |          1        0.02       18.39
  075924030 |          7        0.16       18.55
  075932010 |          1        0.02       18.57
  076033040 |          1        0.02       18.59
  076081010 |          2        0.04       18.63
  076114010 |          4        0.09       18.72
  076224020 |          2        0.04       18.77
  076230010 |          2        0.04       18.81
  076284010 |          1        0.02       18.83
  076613010 |          1        0.02       18.86
  076882020 |          2        0.04       18.90
  076974010 |          1        0.02       18.92
  077117020 |          2        0.04       18.97
  077401030 |          3        0.07       19.03
  077540010 |          2        0.04       19.08
  077772020 |          1        0.02       19.10
  077786010 |          7        0.16       19.26
  077917020 |          3        0.07       19.32
  077917030 |          6        0.13       19.46
  078099020 |          5        0.11       19.57
  078114010 |          2        0.04       19.61
  078178010 |          1        0.02       19.64
  078672020 |          1        0.02       19.66
  078828020 |          7        0.16       19.81
  079218010 |          2        0.04       19.86
  079289020 |          2        0.04       19.90
  079557020 |          1        0.02       19.92
  079835030 |          1        0.02       19.95
  079874040 |          1        0.02       19.97
  079996030 |          3        0.07       20.04
  080118020 |          1        0.02       20.06
  080200020 |          3        0.07       20.12
  080638010 |          1        0.02       20.15
  080670020 |          1        0.02       20.17
  080715030 |          3        0.07       20.24
  081198030 |          2        0.04       20.28
  081245020 |          1        0.02       20.30
  081445010 |          3        0.07       20.37
  081869010 |          1        0.02       20.39
  081933010 |          1        0.02       20.41
  082092010 |          5        0.11       20.52
  082168020 |          1        0.02       20.55
  082213020 |          1        0.02       20.57
  082433010 |          2        0.04       20.61
  082552010 |          2        0.04       20.66
  082779040 |          2        0.04       20.70
  082825030 |          1        0.02       20.72
  082923010 |          1        0.02       20.75
  083034040 |          7        0.16       20.90
  083175040 |          3        0.07       20.97
  083692010 |          1        0.02       20.99
  083758030 |          1        0.02       21.01
  083907010 |          1        0.02       21.04
  084036020 |          3        0.07       21.10
  084051040 |          1        0.02       21.13
  084388020 |          2        0.04       21.17
  084406010 |          3        0.07       21.24
  084480020 |          1        0.02       21.26
  084486030 |          1        0.02       21.28
  084535040 |          1        0.02       21.30
  084622020 |          2        0.04       21.35
  084628020 |          2        0.04       21.39
  084772030 |          1        0.02       21.41
  084993010 |          3        0.07       21.48
  085169010 |          1        0.02       21.50
  085511040 |          2        0.04       21.55
  085527020 |          1        0.02       21.57
  085581010 |          1        0.02       21.59
  085658030 |          5        0.11       21.70
  085772010 |          4        0.09       21.79
  085832010 |          1        0.02       21.81
  085892040 |          1        0.02       21.84
  085926020 |          3        0.07       21.90
  085984010 |          3        0.07       21.97
  086184011 |          1        0.02       21.99
  086217010 |          1        0.02       22.01
  086314010 |          5        0.11       22.13
  086314011 |          1        0.02       22.15
  086621020 |          2        0.04       22.19
  086647010 |          1        0.02       22.21
  086656010 |          4        0.09       22.30
  086812010 |          1        0.02       22.33
  086821020 |          2        0.04       22.37
  086901020 |          2        0.04       22.41
  086993020 |          2        0.04       22.46
  087631040 |          4        0.09       22.55
  087665010 |          2        0.04       22.59
  088265020 |          1        0.02       22.62
  088272020 |          1        0.02       22.64
  098802010 |          4        0.09       22.73
  116615020 |          2        0.04       22.77
  118031010 |          1        0.02       22.79
  143535020 |          2        0.04       22.84
  146576020 |          1        0.02       22.86
  154175010 |          1        0.02       22.88
  154611010 |          1        0.02       22.90
  160292020 |          1        0.02       22.93
  183883010 |          1        0.02       22.95
  200003010 |          3        0.07       23.02
  200005010 |          1        0.02       23.04
  200007020 |          4        0.09       23.13
  200014010 |          1        0.02       23.15
  200017010 |          3        0.07       23.22
  200019010 |          2        0.04       23.26
  200024010 |          2        0.04       23.30
  200031010 |          2        0.04       23.35
  200036010 |          5        0.11       23.46
  200047010 |          2        0.04       23.50
  200051010 |          2        0.04       23.55
  200063011 |          2        0.04       23.59
  200082020 |          3        0.07       23.66
  200084010 |          1        0.02       23.68
  200097010 |          1        0.02       23.70
  200098010 |          1        0.02       23.73
  200108020 |          4        0.09       23.82
  200109010 |          5        0.11       23.93
  200120010 |          1        0.02       23.95
  200122010 |          1        0.02       23.97
  200125010 |          5        0.11       24.08
  200139010 |          2        0.04       24.13
  200146020 |          2        0.04       24.17
  200158010 |          1        0.02       24.19
  200175020 |          2        0.04       24.24
  200183010 |          3        0.07       24.31
  200184010 |          2        0.04       24.35
  200189020 |          2        0.04       24.39
  200194020 |          4        0.09       24.48
  200206010 |          5        0.11       24.59
  200208010 |          1        0.02       24.62
  200230010 |          5        0.11       24.73
  200239010 |          2        0.04       24.77
  200252010 |          4        0.09       24.86
  200256010 |          2        0.04       24.91
  200265010 |          1        0.02       24.93
  200268020 |          6        0.13       25.06
  200273020 |          2        0.04       25.11
  200289010 |          1        0.02       25.13
  200290010 |          4        0.09       25.22
  200301020 |          1        0.02       25.24
  200304010 |          1        0.02       25.26
  200310010 |          3        0.07       25.33
  200322020 |          2        0.04       25.37
  200327020 |          5        0.11       25.48
  200332010 |          2        0.04       25.53
  200337010 |          1        0.02       25.55
  200357020 |          3        0.07       25.62
  200358010 |          1        0.02       25.64
  200361010 |          1        0.02       25.66
  200372010 |          3        0.07       25.73
  200372020 |          4        0.09       25.82
  200376020 |          1        0.02       25.84
  200411020 |          4        0.09       25.93
  200412010 |          5        0.11       26.04
  200413010 |          7        0.16       26.20
  200416010 |          1        0.02       26.22
  200416020 |          1        0.02       26.24
  200417010 |          4        0.09       26.33
  200463020 |          4        0.09       26.42
  200476010 |          1        0.02       26.44
  200506020 |          3        0.07       26.51
  200510020 |         10        0.22       26.73
  200525010 |          5        0.11       26.84
  200526010 |          1        0.02       26.86
  200535010 |          4        0.09       26.95
  200554010 |          3        0.07       27.02
  200559010 |          2        0.04       27.06
  200564010 |          2        0.04       27.11
  200590010 |          1        0.02       27.13
  200597020 |          3        0.07       27.20
  200600010 |          1        0.02       27.22
  200609010 |          6        0.13       27.35
  200612010 |          1        0.02       27.37
  200617010 |          4        0.09       27.46
  200635010 |          6        0.13       27.60
  200637010 |          1        0.02       27.62
  200638010 |          6        0.13       27.75
  200640010 |          3        0.07       27.82
  200647010 |          2        0.04       27.86
  200654010 |          3        0.07       27.93
  200661010 |          2        0.04       27.97
  200669010 |          3        0.07       28.04
  200678010 |          3        0.07       28.11
  200683020 |          1        0.02       28.13
  200689010 |          9        0.20       28.33
  200691010 |          1        0.02       28.35
  200691020 |          2        0.04       28.40
  200695020 |          6        0.13       28.53
  200725010 |          2        0.04       28.57
  200729020 |          3        0.07       28.64
  200739020 |          4        0.09       28.73
  200744010 |          1        0.02       28.75
  200761010 |          1        0.02       28.77
  200775010 |          8        0.18       28.95
  200799010 |          1        0.02       28.97
  200810020 |          3        0.07       29.04
  200811010 |          3        0.07       29.11
  200814010 |          2        0.04       29.15
  200823020 |          7        0.16       29.31
  200834010 |          1        0.02       29.33
  200846010 |          1        0.02       29.35
  200862010 |          6        0.13       29.49
  200893010 |          2        0.04       29.53
  200897010 |          1        0.02       29.55
  200918020 |          4        0.09       29.64
  200929010 |          2        0.04       29.69
  200930010 |          4        0.09       29.78
  200942020 |          2        0.04       29.82
  200944020 |          4        0.09       29.91
  200956010 |          1        0.02       29.93
  200960010 |          1        0.02       29.95
  200970020 |          3        0.07       30.02
  200974020 |          5        0.11       30.13
  200977010 |          1        0.02       30.15
  200985010 |          5        0.11       30.26
  200987010 |          3        0.07       30.33
  200990010 |          4        0.09       30.42
  200991010 |          3        0.07       30.49
  200995010 |          5        0.11       30.60
  200998020 |          4        0.09       30.69
  201004020 |          2        0.04       30.73
  201007020 |          1        0.02       30.75
  201010010 |          4        0.09       30.84
  201015010 |          3        0.07       30.91
  201020010 |          2        0.04       30.95
  201030010 |          2        0.04       31.00
  201040020 |          1        0.02       31.02
  201043010 |          4        0.09       31.11
  201045010 |          3        0.07       31.18
  201051020 |          7        0.16       31.33
  201052010 |          6        0.13       31.47
  201058010 |          4        0.09       31.55
  201063020 |          5        0.11       31.67
  201067020 |          2        0.04       31.71
  201069020 |          4        0.09       31.80
  201082010 |          1        0.02       31.82
  201127020 |          3        0.07       31.89
  201135020 |          3        0.07       31.95
  201136010 |          1        0.02       31.98
  201142010 |          1        0.02       32.00
  201160010 |          1        0.02       32.02
  201167010 |          2        0.04       32.07
  201175010 |          1        0.02       32.09
  201188010 |          2        0.04       32.13
  201193010 |          1        0.02       32.15
  201195010 |          2        0.04       32.20
  201210010 |          3        0.07       32.27
  201230010 |          1        0.02       32.29
  201242020 |          2        0.04       32.33
  201254010 |          1        0.02       32.35
  201258010 |          1        0.02       32.38
  201299020 |          6        0.13       32.51
  201308010 |          3        0.07       32.58
  201335010 |          4        0.09       32.67
  201338010 |          3        0.07       32.73
  201347010 |          1        0.02       32.76
  201353010 |          4        0.09       32.84
  201355010 |          2        0.04       32.89
  201360010 |          8        0.18       33.07
  201362010 |          3        0.07       33.13
  201377010 |          3        0.07       33.20
  201382010 |          1        0.02       33.22
  201387020 |          4        0.09       33.31
  201388010 |          1        0.02       33.33
  201390020 |          1        0.02       33.36
  201391010 |          1        0.02       33.38
  201394020 |          4        0.09       33.47
  201397010 |          3        0.07       33.53
  201398010 |          4        0.09       33.62
  201411010 |          3        0.07       33.69
  201413010 |          1        0.02       33.71
  201430010 |          1        0.02       33.73
  201433020 |          2        0.04       33.78
  201458020 |          3        0.07       33.84
  201467010 |          1        0.02       33.87
  201472010 |          2        0.04       33.91
  201488010 |          7        0.16       34.07
  201489010 |          3        0.07       34.13
  201506010 |          3        0.07       34.20
  201532010 |          1        0.02       34.22
  201535010 |          5        0.11       34.33
  201556010 |          2        0.04       34.38
  201557010 |          9        0.20       34.58
  201568020 |          1        0.02       34.60
  201577020 |          1        0.02       34.62
  201585010 |          1        0.02       34.65
  201604010 |          5        0.11       34.76
  201635020 |          3        0.07       34.82
  201681010 |          1        0.02       34.85
  201682010 |          1        0.02       34.87
  201683010 |          3        0.07       34.93
  201689010 |          4        0.09       35.02
  201693020 |          1        0.02       35.05
  201701010 |          2        0.04       35.09
  201712020 |          3        0.07       35.16
  201717010 |          2        0.04       35.20
  201717020 |          1        0.02       35.22
  201727010 |          2        0.04       35.27
  201729010 |          3        0.07       35.33
  201747010 |          1        0.02       35.36
  201756020 |          1        0.02       35.38
  201770020 |          7        0.16       35.53
  201774020 |          2        0.04       35.58
  201776010 |          1        0.02       35.60
  201794010 |          2        0.04       35.65
  201806020 |          1        0.02       35.67
  201807010 |          1        0.02       35.69
  201810010 |          1        0.02       35.71
  201814010 |          1        0.02       35.73
  201814020 |          2        0.04       35.78
  201822020 |          6        0.13       35.91
  201831010 |          1        0.02       35.94
  201843010 |          4        0.09       36.02
  201890010 |          1        0.02       36.05
  201911020 |          1        0.02       36.07
  201942011 |          3        0.07       36.14
  201946011 |          6        0.13       36.27
  201953010 |          9        0.20       36.47
  201962020 |          1        0.02       36.49
  201971010 |          1        0.02       36.51
  201973010 |          4        0.09       36.60
  201978010 |          1        0.02       36.62
  201980010 |          1        0.02       36.65
  201983010 |          1        0.02       36.67
  202009010 |          3        0.07       36.74
  202035010 |          1        0.02       36.76
  202037020 |          5        0.11       36.87
  202042010 |          2        0.04       36.91
  202053010 |          3        0.07       36.98
  202055020 |          1        0.02       37.00
  202083010 |          2        0.04       37.05
  202097010 |          3        0.07       37.11
  202107020 |          1        0.02       37.14
  202119010 |          1        0.02       37.16
  202123010 |          1        0.02       37.18
  202132010 |          1        0.02       37.20
  202140010 |          4        0.09       37.29
  202141010 |          2        0.04       37.34
  202144010 |          5        0.11       37.45
  202189010 |          1        0.02       37.47
  202196010 |          1        0.02       37.49
  202200010 |          3        0.07       37.56
  202201010 |          1        0.02       37.58
  202204020 |          1        0.02       37.60
  202208010 |          4        0.09       37.69
  202216010 |          1        0.02       37.71
  202226010 |          4        0.09       37.80
  202230010 |          2        0.04       37.85
  202236020 |          5        0.11       37.96
  202238010 |          8        0.18       38.14
  202249010 |          1        0.02       38.16
  202251010 |          4        0.09       38.25
  202264010 |          4        0.09       38.34
  202265011 |          2        0.04       38.38
  202271020 |          6        0.13       38.51
  202283020 |          1        0.02       38.54
  202284010 |          4        0.09       38.63
  202289020 |          4        0.09       38.71
  202297020 |          1        0.02       38.74
  202314010 |          5        0.11       38.85
  202316010 |          1        0.02       38.87
  202322020 |          8        0.18       39.05
  202334020 |          4        0.09       39.14
  202341010 |          1        0.02       39.16
  202345010 |          5        0.11       39.27
  202347010 |          9        0.20       39.47
  202347020 |          1        0.02       39.49
  202354020 |          1        0.02       39.52
  202361010 |          2        0.04       39.56
  202361020 |          1        0.02       39.58
  202364020 |          1        0.02       39.60
  202367010 |          5        0.11       39.72
  202369010 |          3        0.07       39.78
  202379010 |          3        0.07       39.85
  202379020 |          1        0.02       39.87
  202385020 |          1        0.02       39.89
  202392010 |          3        0.07       39.96
  202396020 |          2        0.04       40.00
  202403020 |          1        0.02       40.03
  202405010 |          2        0.04       40.07
  202405020 |          5        0.11       40.18
  202418010 |          1        0.02       40.20
  202421010 |          3        0.07       40.27
  202431010 |          4        0.09       40.36
  202435010 |          1        0.02       40.38
  202437010 |          1        0.02       40.40
  202462010 |          2        0.04       40.45
  202486010 |          2        0.04       40.49
  202489010 |          4        0.09       40.58
  202490010 |          4        0.09       40.67
  202493020 |          5        0.11       40.78
  202501010 |          5        0.11       40.89
  202502010 |          7        0.16       41.05
  202508020 |          1        0.02       41.07
  202512010 |          4        0.09       41.16
  202521010 |          2        0.04       41.21
  202523020 |          5        0.11       41.32
  202527010 |          1        0.02       41.34
  202531020 |          4        0.09       41.43
  202536010 |          1        0.02       41.45
  202541010 |          1        0.02       41.47
  202541020 |          5        0.11       41.58
  202553010 |          2        0.04       41.63
  202557010 |          1        0.02       41.65
  202557020 |          1        0.02       41.67
  202561020 |          5        0.11       41.78
  202563010 |          3        0.07       41.85
  202565020 |          4        0.09       41.94
  202575010 |          4        0.09       42.03
  202579010 |          6        0.13       42.16
  202589010 |          5        0.11       42.27
  202590010 |          1        0.02       42.29
  202591010 |          2        0.04       42.34
  202596010 |          2        0.04       42.38
  202603010 |          3        0.07       42.45
  202610010 |          2        0.04       42.49
  202618020 |          1        0.02       42.52
  202625020 |          3        0.07       42.58
  202628010 |          1        0.02       42.61
  202639020 |          5        0.11       42.72
  202640010 |          3        0.07       42.78
  202652010 |          4        0.09       42.87
  202665010 |          1        0.02       42.90
  202676010 |          3        0.07       42.96
  202678010 |          7        0.16       43.12
  202679010 |          1        0.02       43.14
  202684010 |          1        0.02       43.16
  202698020 |          6        0.13       43.30
  202702020 |          4        0.09       43.38
  202703010 |          6        0.13       43.52
  202707010 |          3        0.07       43.58
  202710010 |          3        0.07       43.65
  202730010 |          1        0.02       43.67
  202739020 |          2        0.04       43.72
  202740010 |          4        0.09       43.81
  202746010 |          5        0.11       43.92
  202767020 |          1        0.02       43.94
  202774010 |          1        0.02       43.96
  202782010 |          4        0.09       44.05
  202792010 |          2        0.04       44.10
  202794010 |          2        0.04       44.14
  202797010 |          4        0.09       44.23
  202807010 |          1        0.02       44.25
  202809020 |          3        0.07       44.32
  202811020 |          1        0.02       44.34
  202817020 |          4        0.09       44.43
  202838020 |          5        0.11       44.54
  202848010 |          1        0.02       44.56
  202850010 |          1        0.02       44.59
  202850020 |          2        0.04       44.63
  202853010 |          2        0.04       44.67
  202863010 |          1        0.02       44.70
  202868010 |          4        0.09       44.79
  202873010 |          1        0.02       44.81
  202881010 |          3        0.07       44.87
  202892010 |          2        0.04       44.92
  202917010 |          2        0.04       44.96
  202924020 |          2        0.04       45.01
  202925010 |          4        0.09       45.10
  202939010 |          3        0.07       45.16
  202945020 |          1        0.02       45.19
  202958010 |          3        0.07       45.25
  202960020 |          3        0.07       45.32
  202966020 |          2        0.04       45.36
  202975010 |          2        0.04       45.41
  202975020 |          3        0.07       45.47
  202996010 |          1        0.02       45.50
  203000010 |          3        0.07       45.56
  203019010 |          1        0.02       45.59
  203020010 |          5        0.11       45.70
  203025020 |          6        0.13       45.83
  203029010 |          1        0.02       45.85
  203036020 |          3        0.07       45.92
  203038012 |          1        0.02       45.94
  203044010 |          1        0.02       45.96
  203055020 |          1        0.02       45.99
  203060010 |          2        0.04       46.03
  203061010 |          1        0.02       46.05
  203063010 |          1        0.02       46.08
  203063020 |          4        0.09       46.16
  203065010 |          2        0.04       46.21
  203069020 |          3        0.07       46.28
  203075010 |          4        0.09       46.36
  203076010 |          2        0.04       46.41
  203077010 |          1        0.02       46.43
  203086010 |          3        0.07       46.50
  203093010 |          1        0.02       46.52
  203096010 |          1        0.02       46.54
  203096020 |          1        0.02       46.56
  203106010 |          3        0.07       46.63
  203117010 |          1        0.02       46.65
  203119010 |          2        0.04       46.70
  203129010 |          4        0.09       46.79
  203131010 |          1        0.02       46.81
  203144010 |          4        0.09       46.90
  203145010 |          1        0.02       46.92
  203151010 |          2        0.04       46.96
  203160020 |          1        0.02       46.99
  203168020 |          4        0.09       47.08
  203170020 |          3        0.07       47.14
  203171010 |          1        0.02       47.16
  203186010 |          2        0.04       47.21
  203188021 |          1        0.02       47.23
  203195010 |          5        0.11       47.34
  203203010 |          2        0.04       47.39
  203205020 |          1        0.02       47.41
  203216010 |          2        0.04       47.45
  203227010 |          2        0.04       47.50
  203230010 |          2        0.04       47.54
  203238020 |          3        0.07       47.61
  203241010 |          4        0.09       47.70
  203243010 |          2        0.04       47.74
  203262020 |          1        0.02       47.77
  203275020 |          1        0.02       47.79
  203290010 |          1        0.02       47.81
  203318010 |          3        0.07       47.88
  203322010 |          2        0.04       47.92
  203329010 |          6        0.13       48.05
  203335010 |          3        0.07       48.12
  203345010 |          3        0.07       48.19
  203361020 |          2        0.04       48.23
  203370020 |          6        0.13       48.37
  203377010 |          2        0.04       48.41
  203385010 |          2        0.04       48.45
  203397010 |          1        0.02       48.48
  203399010 |          4        0.09       48.57
  203402010 |          2        0.04       48.61
  203423010 |          1        0.02       48.63
  203424010 |          4        0.09       48.72
  203434010 |          1        0.02       48.74
  203444010 |          2        0.04       48.79
  203449010 |          3        0.07       48.85
  203455010 |          2        0.04       48.90
  203462010 |          2        0.04       48.94
  203466010 |          1        0.02       48.97
  203474010 |          3        0.07       49.03
  203474020 |          3        0.07       49.10
  203475010 |          2        0.04       49.14
  203477010 |          3        0.07       49.21
  203494020 |          2        0.04       49.26
  203501010 |          4        0.09       49.34
  203504010 |          2        0.04       49.39
  203511020 |          1        0.02       49.41
  203512010 |          2        0.04       49.46
  203527010 |          1        0.02       49.48
  203530021 |          3        0.07       49.54
  203539020 |          1        0.02       49.57
  203551010 |          1        0.02       49.59
  203558010 |          6        0.13       49.72
  203605010 |          2        0.04       49.77
  203622020 |          5        0.11       49.88
  203625020 |          3        0.07       49.94
  203630010 |          1        0.02       49.97
  203633010 |          1        0.02       49.99
  203638010 |          4        0.09       50.08
  203652010 |          2        0.04       50.12
  203653010 |          1        0.02       50.14
  203668010 |          3        0.07       50.21
  203684010 |          2        0.04       50.26
  203693010 |          1        0.02       50.28
  203696010 |          1        0.02       50.30
  203700010 |          2        0.04       50.34
  203736010 |          3        0.07       50.41
  203740010 |          4        0.09       50.50
  203746010 |          4        0.09       50.59
  203748010 |          1        0.02       50.61
  203752020 |          2        0.04       50.66
  203760010 |          1        0.02       50.68
  203762010 |          2        0.04       50.72
  203773010 |          4        0.09       50.81
  203781010 |          2        0.04       50.86
  203808020 |          2        0.04       50.90
  203819020 |          2        0.04       50.95
  203821010 |          1        0.02       50.97
  203822010 |          3        0.07       51.03
  203841010 |          1        0.02       51.06
  203844010 |          4        0.09       51.15
  203850010 |          4        0.09       51.23
  203864020 |          1        0.02       51.26
  203870020 |          3        0.07       51.32
  203872010 |          5        0.11       51.43
  203872020 |          5        0.11       51.55
  203900020 |          3        0.07       51.61
  203919010 |          1        0.02       51.63
  203921010 |          3        0.07       51.70
  203928010 |          2        0.04       51.75
  203932010 |          3        0.07       51.81
  203934010 |          2        0.04       51.86
  203942020 |          4        0.09       51.95
  203946010 |          5        0.11       52.06
  203965010 |          9        0.20       52.26
  203974010 |          2        0.04       52.30
  203980020 |          1        0.02       52.32
  203981010 |          2        0.04       52.37
  203993011 |          3        0.07       52.43
  204011020 |          1        0.02       52.46
  204013020 |          3        0.07       52.52
  204023010 |          2        0.04       52.57
  204068010 |          2        0.04       52.61
  204086010 |          3        0.07       52.68
  204086020 |          1        0.02       52.70
  204093010 |          1        0.02       52.72
  204101010 |          2        0.04       52.77
  204115010 |          1        0.02       52.79
  204117020 |          1        0.02       52.81
  204137010 |          2        0.04       52.86
  204148020 |          7        0.16       53.01
  204148021 |          1        0.02       53.04
  204155010 |          2        0.04       53.08
  204156010 |          3        0.07       53.15
  204163010 |          5        0.11       53.26
  204169010 |          3        0.07       53.32
  204170010 |          6        0.13       53.46
  204172010 |          2        0.04       53.50
  204177010 |          1        0.02       53.52
  204199010 |          1        0.02       53.55
  204199020 |          2        0.04       53.59
  204201010 |          1        0.02       53.61
  204204010 |          1        0.02       53.64
  204207010 |          2        0.04       53.68
  204209010 |          1        0.02       53.70
  204227010 |          3        0.07       53.77
  204240010 |          4        0.09       53.86
  204250010 |          4        0.09       53.95
  204254010 |          3        0.07       54.01
  204261010 |          2        0.04       54.06
  204265010 |          5        0.11       54.17
  204269010 |          1        0.02       54.19
  204274010 |          4        0.09       54.28
  204277010 |          1        0.02       54.30
  204292010 |          6        0.13       54.44
  204301010 |          7        0.16       54.59
  204305020 |          3        0.07       54.66
  204309020 |          1        0.02       54.68
  204314010 |          4        0.09       54.77
  204332010 |          1        0.02       54.79
  204336020 |          1        0.02       54.81
  204343010 |          1        0.02       54.84
  204359020 |          4        0.09       54.93
  204374010 |          2        0.04       54.97
  204375010 |          2        0.04       55.01
  204377010 |          1        0.02       55.04
  204379010 |          2        0.04       55.08
  204384010 |          1        0.02       55.10
  204388010 |          3        0.07       55.17
  204406010 |          2        0.04       55.21
  204407010 |          2        0.04       55.26
  204410010 |          1        0.02       55.28
  204421010 |          1        0.02       55.30
  204428010 |          2        0.04       55.35
  204434010 |          4        0.09       55.44
  204435010 |          3        0.07       55.50
  204466010 |          1        0.02       55.53
  204473010 |          4        0.09       55.61
  204486020 |          1        0.02       55.64
  204490020 |          2        0.04       55.68
  204499020 |          4        0.09       55.77
  204506010 |          6        0.13       55.90
  204517010 |          3        0.07       55.97
  204520010 |          1        0.02       55.99
  204524020 |          2        0.04       56.04
  204526010 |          1        0.02       56.06
  204546020 |          1        0.02       56.08
  204556020 |          2        0.04       56.13
  204585020 |          1        0.02       56.15
  204587021 |          4        0.09       56.24
  204591010 |          2        0.04       56.28
  204593010 |          1        0.02       56.30
  204593020 |          3        0.07       56.37
  204598010 |          7        0.16       56.53
  204602010 |          1        0.02       56.55
  204604020 |          1        0.02       56.57
  204606010 |          7        0.16       56.73
  204616020 |          3        0.07       56.79
  204621020 |          4        0.09       56.88
  204623020 |          1        0.02       56.90
  204632010 |          1        0.02       56.93
  204644010 |          5        0.11       57.04
  204646010 |          2        0.04       57.08
  204647010 |          2        0.04       57.13
  204649020 |          1        0.02       57.15
  204661010 |          1        0.02       57.17
  204663020 |          5        0.11       57.28
  204694010 |          2        0.04       57.33
  204701020 |          2        0.04       57.37
  204704020 |          1        0.02       57.39
  204706010 |          1        0.02       57.42
  204721020 |          2        0.04       57.46
  204722010 |          2        0.04       57.51
  204738020 |          1        0.02       57.53
  204739010 |          1        0.02       57.55
  204755010 |          1        0.02       57.57
  204755020 |          2        0.04       57.62
  204756010 |          2        0.04       57.66
  204760010 |          3        0.07       57.73
  204761010 |          2        0.04       57.77
  204775010 |          4        0.09       57.86
  204784010 |          1        0.02       57.88
  204786010 |          1        0.02       57.91
  204791010 |          2        0.04       57.95
  204793010 |          3        0.07       58.02
  204833010 |          5        0.11       58.13
  204835020 |          3        0.07       58.19
  204837020 |          4        0.09       58.28
  204847010 |          4        0.09       58.37
  204857010 |          1        0.02       58.39
  204860010 |          1        0.02       58.42
  204872010 |          6        0.13       58.55
  204877010 |          2        0.04       58.59
  204877011 |          2        0.04       58.64
  204879020 |          4        0.09       58.73
  204901010 |          1        0.02       58.75
  204918020 |          2        0.04       58.79
  204925010 |          2        0.04       58.84
  204936010 |          4        0.09       58.93
  204936020 |          2        0.04       58.97
  204954010 |          2        0.04       59.02
  204959010 |          1        0.02       59.04
  204972010 |          2        0.04       59.08
  204972011 |          3        0.07       59.15
  204976020 |          4        0.09       59.24
  205011020 |          2        0.04       59.28
  205019020 |          1        0.02       59.31
  205022010 |          2        0.04       59.35
  205030020 |          1        0.02       59.37
  205036010 |          1        0.02       59.40
  205075010 |          3        0.07       59.46
  205118010 |          3        0.07       59.53
  205121020 |          1        0.02       59.55
  205127010 |          2        0.04       59.60
  205148010 |          3        0.07       59.66
  205179020 |          6        0.13       59.80
  205202020 |          3        0.07       59.86
  205218020 |          2        0.04       59.91
  205229010 |          2        0.04       59.95
  205246020 |          3        0.07       60.02
  205263010 |          3        0.07       60.08
  205277010 |          1        0.02       60.11
  205286010 |          1        0.02       60.13
  205297020 |          2        0.04       60.17
  205301010 |          3        0.07       60.24
  205312020 |          3        0.07       60.31
  205328010 |          5        0.11       60.42
  205332010 |          2        0.04       60.46
  205342020 |          1        0.02       60.48
  205352020 |          4        0.09       60.57
  205367010 |          1        0.02       60.60
  205369020 |          2        0.04       60.64
  205374010 |          4        0.09       60.73
  205379010 |          1        0.02       60.75
  205403010 |          1        0.02       60.77
  205405010 |          2        0.04       60.82
  205405020 |          1        0.02       60.84
  205414010 |          3        0.07       60.91
  205449010 |          2        0.04       60.95
  205458020 |          8        0.18       61.13
  205468020 |          1        0.02       61.15
  205480010 |          1        0.02       61.17
  205499010 |          1        0.02       61.20
  205524010 |          6        0.13       61.33
  205540020 |          2        0.04       61.37
  205542010 |          4        0.09       61.46
  205542020 |          1        0.02       61.49
  205554010 |          1        0.02       61.51
  205555010 |          2        0.04       61.55
  205559010 |          1        0.02       61.57
  205566010 |          4        0.09       61.66
  205573010 |          1        0.02       61.69
  205580010 |          3        0.07       61.75
  205586020 |          1        0.02       61.77
  205597010 |          2        0.04       61.82
  205610010 |          3        0.07       61.89
  205612010 |          3        0.07       61.95
  205617020 |          1        0.02       61.97
  205620010 |          1        0.02       62.00
  205628020 |          1        0.02       62.02
  205635020 |          1        0.02       62.04
  205652020 |          2        0.04       62.09
  205657020 |          2        0.04       62.13
  205665020 |          1        0.02       62.15
  205701010 |          7        0.16       62.31
  205724010 |          4        0.09       62.40
  205732010 |          1        0.02       62.42
  205733010 |          2        0.04       62.46
  205742010 |          4        0.09       62.55
  205744010 |          5        0.11       62.66
  205753010 |          1        0.02       62.69
  205757020 |          1        0.02       62.71
  205773010 |          5        0.11       62.82
  205787010 |          1        0.02       62.84
  205816020 |          1        0.02       62.86
  205819020 |          3        0.07       62.93
  205822010 |          4        0.09       63.02
  205823010 |          2        0.04       63.06
  205826010 |          1        0.02       63.09
  205826020 |          6        0.13       63.22
  205830010 |          4        0.09       63.31
  205838020 |          4        0.09       63.40
  205847010 |          1        0.02       63.42
  205848010 |          2        0.04       63.46
  205867020 |          5        0.11       63.58
  205870020 |          1        0.02       63.60
  205884010 |          4        0.09       63.69
  205885010 |          3        0.07       63.75
  205910010 |          6        0.13       63.89
  205920020 |          1        0.02       63.91
  205923010 |          3        0.07       63.98
  205953010 |          3        0.07       64.04
  205957010 |          1        0.02       64.06
  205957020 |          6        0.13       64.20
  205966010 |          1        0.02       64.22
  205981010 |          1        0.02       64.24
  205985010 |          4        0.09       64.33
  206003010 |          2        0.04       64.38
  206008010 |          1        0.02       64.40
  206013010 |          4        0.09       64.49
  206013020 |          5        0.11       64.60
  206015010 |          2        0.04       64.64
  206020010 |          2        0.04       64.69
  206029020 |          1        0.02       64.71
  206030020 |          3        0.07       64.78
  206039010 |          2        0.04       64.82
  206044010 |          2        0.04       64.87
  206046010 |          2        0.04       64.91
  206056010 |          1        0.02       64.93
  206063020 |          1        0.02       64.95
  206068010 |          1        0.02       64.98
  206073010 |          4        0.09       65.07
  206075020 |          2        0.04       65.11
  206085010 |          1        0.02       65.13
  206088010 |          1        0.02       65.15
  206094020 |          3        0.07       65.22
  206103020 |          1        0.02       65.24
  206114020 |          3        0.07       65.31
  206118010 |          2        0.04       65.35
  206119010 |          1        0.02       65.38
  206120010 |          1        0.02       65.40
  206134010 |          1        0.02       65.42
  206141020 |          2        0.04       65.47
  206145010 |          2        0.04       65.51
  206149010 |          2        0.04       65.55
  206162010 |          3        0.07       65.62
  206171010 |          1        0.02       65.64
  206178010 |          1        0.02       65.67
  206190010 |          5        0.11       65.78
  206194020 |          1        0.02       65.80
  206198010 |          1        0.02       65.82
  206206010 |          3        0.07       65.89
  206208020 |          3        0.07       65.96
  206211010 |          2        0.04       66.00
  206217020 |          1        0.02       66.02
  206221020 |          3        0.07       66.09
  206230010 |          2        0.04       66.13
  206238020 |          1        0.02       66.16
  206272010 |          4        0.09       66.24
  206279010 |          7        0.16       66.40
  206294010 |          1        0.02       66.42
  206300020 |          1        0.02       66.44
  206303011 |          5        0.11       66.56
  206315010 |          3        0.07       66.62
  206317010 |          4        0.09       66.71
  206322010 |          1        0.02       66.73
  206324010 |          5        0.11       66.84
  206328010 |          2        0.04       66.89
  206331010 |          2        0.04       66.93
  206337010 |          3        0.07       67.00
  206343010 |          5        0.11       67.11
  206358020 |          2        0.04       67.16
  206367010 |          2        0.04       67.20
  206367020 |          3        0.07       67.27
  206368010 |          2        0.04       67.31
  206369010 |          2        0.04       67.36
  206371010 |          2        0.04       67.40
  206374020 |          4        0.09       67.49
  206382010 |          6        0.13       67.62
  206392010 |          4        0.09       67.71
  206408010 |          4        0.09       67.80
  206411020 |          3        0.07       67.87
  206416010 |          5        0.11       67.98
  206444010 |          2        0.04       68.02
  206448010 |          4        0.09       68.11
  206450010 |          3        0.07       68.18
  206454010 |          2        0.04       68.22
  206457010 |          3        0.07       68.29
  206460020 |          6        0.13       68.42
  206468010 |          2        0.04       68.47
  206479010 |          1        0.02       68.49
  206487010 |          4        0.09       68.58
  206495020 |          1        0.02       68.60
  206498010 |          3        0.07       68.67
  206500020 |          1        0.02       68.69
  206509020 |          1        0.02       68.71
  206512020 |          1        0.02       68.73
  206515010 |          2        0.04       68.78
  206517010 |          3        0.07       68.85
  206522020 |          4        0.09       68.93
  206524020 |          2        0.04       68.98
  206532010 |          2        0.04       69.02
  206537010 |          3        0.07       69.09
  206547010 |          3        0.07       69.16
  206553010 |          3        0.07       69.22
  206556020 |          3        0.07       69.29
  206558010 |          1        0.02       69.31
  206562010 |          4        0.09       69.40
  206581010 |          5        0.11       69.51
  206591011 |          1        0.02       69.54
  206593020 |          1        0.02       69.56
  206601010 |          8        0.18       69.74
  206605020 |          7        0.16       69.89
  206614010 |          6        0.13       70.02
  206624020 |          1        0.02       70.05
  206629020 |          1        0.02       70.07
  206638020 |          1        0.02       70.09
  206651010 |          1        0.02       70.11
  206665020 |          2        0.04       70.16
  206667010 |          1        0.02       70.18
  206669020 |          3        0.07       70.25
  206674010 |          2        0.04       70.29
  206675010 |          1        0.02       70.31
  206680020 |          3        0.07       70.38
  206688020 |          5        0.11       70.49
  206692020 |          2        0.04       70.54
  206693010 |          2        0.04       70.58
  206696010 |          1        0.02       70.60
  206702020 |          1        0.02       70.62
  206705010 |          1        0.02       70.65
  206706010 |          2        0.04       70.69
  206708020 |          1        0.02       70.71
  206714010 |          2        0.04       70.76
  206726020 |          3        0.07       70.82
  206731020 |          4        0.09       70.91
  206735010 |          1        0.02       70.94
  206735020 |          1        0.02       70.96
  206736010 |          1        0.02       70.98
  206740011 |          2        0.04       71.03
  206744010 |          1        0.02       71.05
  206748020 |          1        0.02       71.07
  206750020 |          1        0.02       71.09
  206752010 |          2        0.04       71.14
  206763021 |          2        0.04       71.18
  206764010 |          2        0.04       71.23
  206780020 |          1        0.02       71.25
  206782010 |          2        0.04       71.29
  206792010 |          5        0.11       71.40
  206798020 |          4        0.09       71.49
  206804010 |          4        0.09       71.58
  206813010 |          1        0.02       71.60
  206815010 |          6        0.13       71.74
  206823020 |          2        0.04       71.78
  206824010 |          2        0.04       71.83
  206828020 |          1        0.02       71.85
  206834010 |          2        0.04       71.89
  206838010 |          1        0.02       71.91
  206838020 |          2        0.04       71.96
  206842010 |          7        0.16       72.11
  206850020 |          1        0.02       72.14
  206858010 |          2        0.04       72.18
  206861010 |          3        0.07       72.25
  206865020 |          1        0.02       72.27
  206867010 |          3        0.07       72.34
  206868010 |          2        0.04       72.38
  206872010 |          1        0.02       72.40
  206884010 |          4        0.09       72.49
  206886020 |          5        0.11       72.60
  206895010 |          5        0.11       72.72
  206901010 |          2        0.04       72.76
  206903020 |          2        0.04       72.80
  206909010 |          2        0.04       72.85
  206933020 |          3        0.07       72.92
  206936010 |          3        0.07       72.98
  206939010 |          4        0.09       73.07
  206942020 |          1        0.02       73.09
  206952010 |          2        0.04       73.14
  206962020 |          1        0.02       73.16
  206965010 |          4        0.09       73.25
  206973020 |          1        0.02       73.27
  206974010 |          2        0.04       73.32
  206978020 |          6        0.13       73.45
  206982020 |          2        0.04       73.49
  206984010 |          1        0.02       73.52
  206992020 |          1        0.02       73.54
  206995020 |          3        0.07       73.60
  206996010 |          2        0.04       73.65
  207004010 |          1        0.02       73.67
  207010010 |          4        0.09       73.76
  207014010 |          4        0.09       73.85
  207018010 |          6        0.13       73.98
  207022010 |          2        0.04       74.03
  207039020 |          3        0.07       74.09
  207042010 |          2        0.04       74.14
  207045010 |          6        0.13       74.27
  207045020 |          4        0.09       74.36
  207050010 |          3        0.07       74.43
  207064010 |          5        0.11       74.54
  207066010 |          2        0.04       74.58
  207077020 |          8        0.18       74.76
  207079010 |          3        0.07       74.83
  207081010 |          7        0.16       74.98
  207091010 |          2        0.04       75.03
  207108010 |          2        0.04       75.07
  207111010 |          2        0.04       75.12
  207117010 |          2        0.04       75.16
  207138010 |          2        0.04       75.21
  207139010 |          2        0.04       75.25
  207141010 |          1        0.02       75.27
  207144010 |          7        0.16       75.43
  207147010 |          4        0.09       75.52
  207162010 |          1        0.02       75.54
  207163010 |          1        0.02       75.56
  207170010 |          4        0.09       75.65
  207172010 |          2        0.04       75.69
  207202010 |          2        0.04       75.74
  207210010 |          1        0.02       75.76
  207212010 |          3        0.07       75.83
  207219010 |          4        0.09       75.92
  207239020 |          1        0.02       75.94
  207241010 |          2        0.04       75.98
  207249010 |          1        0.02       76.01
  207253020 |          1        0.02       76.03
  207255010 |          1        0.02       76.05
  207263020 |          4        0.09       76.14
  207269010 |          2        0.04       76.18
  207270010 |          4        0.09       76.27
  207271010 |          3        0.07       76.34
  207274010 |          5        0.11       76.45
  207277010 |          2        0.04       76.50
  207284010 |          1        0.02       76.52
  207295010 |          3        0.07       76.58
  207296010 |          2        0.04       76.63
  207298010 |          5        0.11       76.74
  207304010 |          1        0.02       76.76
  207304020 |          1        0.02       76.78
  207313010 |          4        0.09       76.87
  207318010 |          1        0.02       76.90
  207321010 |          1        0.02       76.92
  207322010 |          4        0.09       77.01
  207325020 |          2        0.04       77.05
  207329020 |          2        0.04       77.10
  207335010 |          2        0.04       77.14
  207342010 |          1        0.02       77.16
  207345010 |          7        0.16       77.32
  207345020 |          4        0.09       77.41
  207347020 |          1        0.02       77.43
  207348010 |          5        0.11       77.54
  207356010 |          1        0.02       77.56
  207368020 |          1        0.02       77.59
  207371020 |          2        0.04       77.63
  207374010 |          2        0.04       77.67
  207378010 |          1        0.02       77.70
  207380020 |          5        0.11       77.81
  207389010 |          4        0.09       77.90
  207397010 |          4        0.09       77.99
  207399010 |          2        0.04       78.03
  207401010 |          1        0.02       78.05
  207410020 |          6        0.13       78.19
  207445010 |          2        0.04       78.23
  207445020 |          3        0.07       78.30
  207449010 |          2        0.04       78.34
  207463021 |          4        0.09       78.43
  207466010 |          3        0.07       78.50
  207473010 |          4        0.09       78.59
  207486010 |          1        0.02       78.61
  207488010 |          1        0.02       78.63
  207490020 |          4        0.09       78.72
  207499010 |          5        0.11       78.83
  207530020 |          1        0.02       78.85
  207532010 |          1        0.02       78.87
  207538020 |          5        0.11       78.99
  207555020 |          6        0.13       79.12
  207562010 |          5        0.11       79.23
  207562020 |          3        0.07       79.30
  207578010 |          1        0.02       79.32
  207579010 |          1        0.02       79.34
  207582010 |          4        0.09       79.43
  207594010 |          4        0.09       79.52
  207600010 |          2        0.04       79.56
  207606010 |          3        0.07       79.63
  207611010 |          2        0.04       79.68
  207620020 |          4        0.09       79.76
  207622020 |          5        0.11       79.88
  207625010 |          1        0.02       79.90
  207631010 |          6        0.13       80.03
  207632010 |          1        0.02       80.05
  207644010 |          2        0.04       80.10
  207654020 |          2        0.04       80.14
  207669010 |          5        0.11       80.25
  207675010 |          4        0.09       80.34
  207675020 |          1        0.02       80.36
  207688020 |          1        0.02       80.39
  207692010 |          3        0.07       80.45
  207701010 |          1        0.02       80.48
  207704020 |          3        0.07       80.54
  207711010 |          6        0.13       80.68
  207728020 |          4        0.09       80.76
  207730010 |          2        0.04       80.81
  207739010 |          1        0.02       80.83
  207745020 |          1        0.02       80.85
  207748010 |          1        0.02       80.88
  207772020 |          1        0.02       80.90
  207773010 |          3        0.07       80.97
  207808020 |          2        0.04       81.01
  207825010 |          3        0.07       81.08
  207829010 |          4        0.09       81.17
  207834020 |          3        0.07       81.23
  207846010 |          1        0.02       81.25
  207848010 |          1        0.02       81.28
  207857010 |          3        0.07       81.34
  207862010 |          1        0.02       81.37
  207866010 |          6        0.13       81.50
  207869020 |          4        0.09       81.59
  207871010 |          4        0.09       81.68
  207872010 |          6        0.13       81.81
  207877010 |          1        0.02       81.83
  207924010 |          2        0.04       81.88
  207924020 |          2        0.04       81.92
  207928020 |          5        0.11       82.03
  207969010 |          2        0.04       82.08
  207981020 |          1        0.02       82.10
  207991020 |          2        0.04       82.14
  208012010 |          2        0.04       82.19
  208015020 |          5        0.11       82.30
  208017010 |          1        0.02       82.32
  208021020 |          1        0.02       82.34
  208024020 |          1        0.02       82.37
  208025010 |          3        0.07       82.43
  208025012 |          1        0.02       82.45
  208202010 |          2        0.04       82.50
  208202020 |          1        0.02       82.52
  208224020 |          1        0.02       82.54
  208231010 |          2        0.04       82.59
  208233020 |          2        0.04       82.63
  208272010 |          5        0.11       82.74
  208274010 |          1        0.02       82.77
  208278010 |          3        0.07       82.83
  208280010 |          3        0.07       82.90
  208288010 |          1        0.02       82.92
  208327020 |          1        0.02       82.94
  208343010 |          5        0.11       83.06
  208344010 |          3        0.07       83.12
  208346010 |          4        0.09       83.21
  208359010 |          3        0.07       83.28
  208365010 |          3        0.07       83.34
  208379010 |          1        0.02       83.37
  208394010 |          7        0.16       83.52
  208396010 |          1        0.02       83.54
  208412010 |          1        0.02       83.57
  208415010 |          1        0.02       83.59
  208426020 |          3        0.07       83.66
  208446010 |          1        0.02       83.68
  208461010 |          1        0.02       83.70
  208471010 |          2        0.04       83.74
  208475010 |          3        0.07       83.81
  208481020 |          3        0.07       83.88
  208484010 |          1        0.02       83.90
  208487010 |          4        0.09       83.99
  208504010 |          1        0.02       84.01
  208519010 |          1        0.02       84.03
  208523010 |          2        0.04       84.08
  208529010 |          3        0.07       84.14
  208542010 |          2        0.04       84.19
  208545010 |          3        0.07       84.26
  208595020 |          1        0.02       84.28
  208599010 |          2        0.04       84.32
  208602020 |          4        0.09       84.41
  208606010 |          1        0.02       84.43
  208634020 |          4        0.09       84.52
  208643020 |          2        0.04       84.57
  208666010 |          3        0.07       84.63
  208669020 |          2        0.04       84.68
  208675020 |          2        0.04       84.72
  208687010 |          4        0.09       84.81
  208761010 |          4        0.09       84.90
  208836010 |          3        0.07       84.97
  208867010 |          1        0.02       84.99
  208867012 |          1        0.02       85.01
  208868020 |          1        0.02       85.03
  208871020 |          7        0.16       85.19
  208881021 |          1        0.02       85.21
  208892010 |          3        0.07       85.28
  208896020 |          3        0.07       85.35
  208898020 |          3        0.07       85.41
  210004010 |          6        0.13       85.55
  210020010 |          2        0.04       85.59
  210046010 |          4        0.09       85.68
  210057020 |          1        0.02       85.70
  210088010 |          1        0.02       85.72
  210097020 |          1        0.02       85.75
  210107010 |          1        0.02       85.77
  210110010 |          4        0.09       85.86
  210114010 |          1        0.02       85.88
  210119010 |          1        0.02       85.90
  210165010 |          1        0.02       85.92
  210227010 |          8        0.18       86.10
  210284010 |          3        0.07       86.17
  210286010 |          3        0.07       86.24
  210291010 |          1        0.02       86.26
  210295010 |          5        0.11       86.37
  210296010 |          1        0.02       86.39
  210314010 |          4        0.09       86.48
  210314020 |          2        0.04       86.52
  210376010 |          1        0.02       86.55
  210386010 |          1        0.02       86.57
  210391010 |          1        0.02       86.59
  210404020 |          1        0.02       86.61
  210424010 |          1        0.02       86.64
  210425010 |          1        0.02       86.66
  210429010 |          4        0.09       86.75
  210435010 |          6        0.13       86.88
  210443010 |          1        0.02       86.90
  210446010 |          2        0.04       86.95
  210446020 |          1        0.02       86.97
  210447020 |          1        0.02       86.99
  210465020 |          1        0.02       87.01
  210522010 |          9        0.20       87.21
  210522020 |          3        0.07       87.28
  210532010 |          4        0.09       87.37
  210542020 |          1        0.02       87.39
  210565010 |          5        0.11       87.50
  210570010 |          6        0.13       87.64
  210590010 |          5        0.11       87.75
  210624020 |          1        0.02       87.77
  210647010 |          6        0.13       87.90
  210650010 |          5        0.11       88.01
  210663010 |          5        0.11       88.13
  210690020 |          8        0.18       88.30
  210720010 |          1        0.02       88.33
  210723010 |          1        0.02       88.35
  210730010 |          2        0.04       88.39
  210759010 |          2        0.04       88.44
  210760020 |          3        0.07       88.50
  210778010 |          5        0.11       88.61
  210779010 |          2        0.04       88.66
  210805020 |          3        0.07       88.73
  210816020 |          3        0.07       88.79
  210822010 |          1        0.02       88.81
  210836010 |          4        0.09       88.90
  210840020 |          1        0.02       88.93
  210859010 |          4        0.09       89.01
  210863010 |          2        0.04       89.06
  210863020 |          3        0.07       89.13
  210866010 |          1        0.02       89.15
  210899010 |          3        0.07       89.22
  210906010 |          5        0.11       89.33
  210922010 |          1        0.02       89.35
  210949010 |          1        0.02       89.37
  210949020 |          1        0.02       89.39
  210974020 |          1        0.02       89.42
  211038010 |          1        0.02       89.44
  211071010 |          1        0.02       89.46
  211072010 |          1        0.02       89.48
  211112020 |          1        0.02       89.50
  211113010 |          8        0.18       89.68
  211115010 |          5        0.11       89.79
  211115020 |          6        0.13       89.93
  211116020 |          4        0.09       90.02
  211125010 |          4        0.09       90.10
  211129010 |          4        0.09       90.19
  211137010 |          2        0.04       90.24
  211151010 |          4        0.09       90.33
  211153020 |          1        0.02       90.35
  211155010 |          3        0.07       90.42
  211175010 |          2        0.04       90.46
  211194010 |          1        0.02       90.48
  211214010 |          3        0.07       90.55
  211244020 |          4        0.09       90.64
  211260020 |          3        0.07       90.70
  211276010 |          3        0.07       90.77
  211284020 |          1        0.02       90.79
  211350010 |          4        0.09       90.88
  211370020 |          1        0.02       90.91
  211379020 |          1        0.02       90.93
  211412010 |          2        0.04       90.97
  211413010 |          2        0.04       91.02
  211443020 |          5        0.11       91.13
  211465020 |          1        0.02       91.15
  211474010 |          2        0.04       91.19
  211477010 |          3        0.07       91.26
  211490010 |          1        0.02       91.28
  211513010 |          1        0.02       91.31
  211518010 |          1        0.02       91.33
  211526010 |          6        0.13       91.46
  211536010 |          2        0.04       91.51
  211539010 |          2        0.04       91.55
  211541010 |          1        0.02       91.57
  211558020 |          3        0.07       91.64
  211561010 |          4        0.09       91.73
  211563010 |          2        0.04       91.77
  211569010 |          4        0.09       91.86
  211572020 |          2        0.04       91.91
  211579010 |         11        0.24       92.15
  211592010 |          5        0.11       92.26
  211594010 |          4        0.09       92.35
  211609010 |          2        0.04       92.39
  211617010 |          4        0.09       92.48
  211644010 |          1        0.02       92.51
  211648010 |          4        0.09       92.60
  211658010 |          4        0.09       92.68
  211659010 |          2        0.04       92.73
  211663010 |          1        0.02       92.75
  211672010 |          1        0.02       92.77
  211681010 |          1        0.02       92.80
  211785010 |          1        0.02       92.82
  211814010 |          3        0.07       92.88
  211829010 |          3        0.07       92.95
  211843010 |          2        0.04       93.00
  211861020 |          2        0.04       93.04
  211869020 |          1        0.02       93.06
  211879010 |          1        0.02       93.08
  211957010 |          2        0.04       93.13
  211958010 |          3        0.07       93.20
  211958020 |          5        0.11       93.31
  211979010 |          1        0.02       93.33
  211986010 |          1        0.02       93.35
  212011010 |          3        0.07       93.42
  212017010 |          1        0.02       93.44
  212031010 |          3        0.07       93.51
  212032020 |          3        0.07       93.57
  212078010 |          1        0.02       93.60
  212089010 |          1        0.02       93.62
  212090020 |          4        0.09       93.71
  212100020 |          4        0.09       93.80
  212102020 |          7        0.16       93.95
  212130010 |          8        0.18       94.13
  212149010 |          4        0.09       94.22
  212156010 |          1        0.02       94.24
  212185010 |          7        0.16       94.40
  212191010 |          1        0.02       94.42
  212200020 |          2        0.04       94.46
  212228010 |          4        0.09       94.55
  212241010 |          1        0.02       94.57
  212287010 |          1        0.02       94.60
  212308020 |          5        0.11       94.71
  212378010 |          2        0.04       94.75
  212391010 |          1        0.02       94.77
  212391011 |          1        0.02       94.80
  212414010 |          3        0.07       94.86
  212424010 |          5        0.11       94.97
  212426011 |          2        0.04       95.02
  212427020 |          2        0.04       95.06
  212445020 |          4        0.09       95.15
  212448010 |          3        0.07       95.22
  212461010 |          1        0.02       95.24
  212462010 |          1        0.02       95.26
  212462020 |          1        0.02       95.29
  212493010 |          6        0.13       95.42
  212499020 |          2        0.04       95.46
  212540010 |          3        0.07       95.53
  212555010 |          3        0.07       95.60
  212586010 |          1        0.02       95.62
  212592010 |          2        0.04       95.66
  212593010 |          1        0.02       95.69
  212601010 |          1        0.02       95.71
  212611010 |          1        0.02       95.73
  212613020 |          1        0.02       95.75
  212623010 |          1        0.02       95.77
  212666020 |          3        0.07       95.84
  212693010 |          1        0.02       95.86
  212695010 |          2        0.04       95.91
  212715010 |          2        0.04       95.95
  212734010 |          1        0.02       95.98
  212751010 |          4        0.09       96.06
  212752010 |          6        0.13       96.20
  212771010 |          5        0.11       96.31
  212828020 |          2        0.04       96.35
  212831020 |          6        0.13       96.49
  212836020 |          2        0.04       96.53
  212846010 |          1        0.02       96.55
  212848020 |          1        0.02       96.58
  212850010 |          2        0.04       96.62
  212870010 |          5        0.11       96.73
  212871020 |          3        0.07       96.80
  212881020 |          2        0.04       96.84
  212913010 |          2        0.04       96.89
  212914020 |          1        0.02       96.91
  212915010 |          2        0.04       96.95
  212918010 |          1        0.02       96.98
  212921010 |          2        0.04       97.02
  212924010 |          2        0.04       97.06
  212927010 |          2        0.04       97.11
  212929010 |          2        0.04       97.15
  212931010 |          1        0.02       97.18
  212954010 |          2        0.04       97.22
  212958020 |          3        0.07       97.29
  212959010 |          2        0.04       97.33
  212994020 |          2        0.04       97.38
  213068010 |          5        0.11       97.49
  213087010 |          5        0.11       97.60
  213097020 |          3        0.07       97.67
  213121020 |          9        0.20       97.87
  213131010 |          4        0.09       97.95
  213134010 |          1        0.02       97.98
  213137010 |          1        0.02       98.00
  213147020 |          6        0.13       98.13
  213148010 |          3        0.07       98.20
  213156010 |          1        0.02       98.22
  213164010 |          4        0.09       98.31
  213166020 |          3        0.07       98.38
  213180020 |          1        0.02       98.40
  213202010 |          2        0.04       98.44
  213210010 |          3        0.07       98.51
  213217020 |          6        0.13       98.64
  213234010 |          1        0.02       98.67
  213236020 |          1        0.02       98.69
  213244020 |          3        0.07       98.75
  213250010 |          4        0.09       98.84
  213251010 |          6        0.13       98.98
  213257020 |          1        0.02       99.00
  213269010 |          1        0.02       99.02
  213277010 |          1        0.02       99.04
  213280020 |          5        0.11       99.15
  213287010 |          2        0.04       99.20
  213288020 |          4        0.09       99.29
  213306010 |          3        0.07       99.36
  213307010 |          1        0.02       99.38
  213310020 |          2        0.04       99.42
  213320010 |          1        0.02       99.44
  213321010 |          1        0.02       99.47
  213328010 |          4        0.09       99.56
  213339010 |          2        0.04       99.60
  213360010 |          3        0.07       99.67
  213377010 |          1        0.02       99.69
  213397020 |          1        0.02       99.71
  213404010 |          2        0.04       99.76
  213413010 |          4        0.09       99.84
  213420010 |          1        0.02       99.87
  213429020 |          5        0.11       99.98
  213466010 |          1        0.02      100.00
------------+-----------------------------------
      Total |      4,497      100.00

. codebook id

--------------------------------------------------------------------------------------------------------
id                                                                                                HRS id
--------------------------------------------------------------------------------------------------------

                  type:  string (str10), but longest is str9

         unique values:  1792                     missing "":  0/4497

              examples:  "079996030"
                         "202396020"
                         "205246020"
                         "207631010"

. rename index_date c_ivw_date

. merge 1:1 id c_ivw_date using "E:\data\serious_ill\int_data\core_ids_1yr_criteria_5_sample1
variables id c_ivw_date do not uniquely identify observations in the master data
r(459);

. preserve
already preserved
r(621);

. restore

. use "E:\data\serious_ill\int_data\core_ids_1yr_criteria_5_sample1"

. duplicates report id c_ivw_date

Duplicates in terms of id c_ivw_date

--------------------------------------
   copies | observations       surplus
----------+---------------------------
        1 |        35215             0
--------------------------------------

. use "E:\data\serious_ill\int_data\interviews_dem_dx.dta", clear

. by id index_date, sort: gen num=_n

. duplicates drop

Duplicates in terms of all variables

(0 observations are duplicates)

. drop if dem_dx==0
(638202 observations deleted)

. tab dx

         dx |      Freq.     Percent        Cum.
------------+-----------------------------------
       2900 |        640       14.23       14.23
      29000 |          3        0.07       14.30
       2901 |          3        0.07       14.37
      29010 |        136        3.02       17.39
      29011 |         16        0.36       17.75
      29012 |         15        0.33       18.08
      29013 |         17        0.38       18.46
       2902 |          4        0.09       18.55
      29020 |        115        2.56       21.10
      29021 |        139        3.09       24.19
       2903 |         66        1.47       25.66
      29040 |        214        4.76       30.42
      29041 |         53        1.18       31.60
      29042 |         40        0.89       32.49
      29043 |         55        1.22       33.71
       2912 |          9        0.20       33.91
      29410 |        531       11.81       45.72
      29411 |        230        5.11       50.83
       2948 |      1,074       23.88       74.72
      29481 |          1        0.02       74.74
       2949 |        141        3.14       77.87
       3310 |        889       19.77       97.64
      33100 |          1        0.02       97.67
       3311 |          5        0.11       97.78
      33111 |          1        0.02       97.80
      33119 |          6        0.13       97.93
       3312 |         93        2.07      100.00
------------+-----------------------------------
      Total |      4,497      100.00

. tab dx_0

       dx_0 |      Freq.     Percent        Cum.
------------+-----------------------------------
       2900 |        640       14.23       14.23
      29000 |          3        0.07       14.30
       2901 |          3        0.07       14.37
      29010 |        136        3.02       17.39
      29011 |         16        0.36       17.75
      29012 |         15        0.33       18.08
      29013 |         17        0.38       18.46
       2902 |          4        0.09       18.55
      29020 |        115        2.56       21.10
      29021 |        139        3.09       24.19
       2903 |         66        1.47       25.66
      29040 |        214        4.76       30.42
      29041 |         53        1.18       31.60
      29042 |         40        0.89       32.49
      29043 |         55        1.22       33.71
       2912 |          9        0.20       33.91
      29410 |        531       11.81       45.72
      29411 |        230        5.11       50.83
       2948 |      1,074       23.88       74.72
      29481 |          1        0.02       74.74
       2949 |        141        3.14       77.87
       3310 |        889       19.77       97.64
      33100 |          1        0.02       97.67
       3311 |          5        0.11       97.78
      33111 |          1        0.02       97.80
      33119 |          6        0.13       97.93
       3312 |         93        2.07      100.00
------------+-----------------------------------
      Total |      4,497      100.00

. drop num

. by id index_date, sort: gen num=_n

. foreach x in mp op pb hs hh dm {
  2. gen s`x'=source=="`x'"
  3. by id index_date, sort: egen `x'=max(s`x')
  4. drop s`x'
  5. }

. tab num

        num |      Freq.     Percent        Cum.
------------+-----------------------------------
          1 |      2,369       52.68       52.68
          2 |      1,144       25.44       78.12
          3 |        568       12.63       90.75
          4 |        247        5.49       96.24
          5 |        100        2.22       98.47
          6 |         40        0.89       99.36
          7 |         20        0.44       99.80
          8 |          5        0.11       99.91
          9 |          2        0.04       99.96
         10 |          1        0.02       99.98
         11 |          1        0.02      100.00
------------+-----------------------------------
      Total |      4,497      100.00

. preserve

. merge 1:1 id c_ivw_date using "E:\data\serious_ill\int_data\core_ids_1yr_criteria_5_sample1
variable c_ivw_date not found
r(111);

. rename index_date c_ivw_date

. merge 1:1 id c_ivw_date using "E:\data\serious_ill\int_data\core_ids_1yr_criteria_5_sample1
variables id c_ivw_date do not uniquely identify observations in the master data
r(459);

. drop source dx dx_0

. duplicates drop

Duplicates in terms of all variables

(0 observations are duplicates)

. drop num

. by id c_ivw_date: gen num=_N

. tab num

        num |      Freq.     Percent        Cum.
------------+-----------------------------------
          1 |      1,225       27.24       27.24
          2 |      1,152       25.62       52.86
          3 |        963       21.41       74.27
          4 |        588       13.08       87.35
          5 |        300        6.67       94.02
          6 |        120        2.67       96.69
          7 |        105        2.33       99.02
          8 |         24        0.53       99.56
          9 |          9        0.20       99.76
         11 |         11        0.24      100.00
------------+-----------------------------------
      Total |      4,497      100.00

. duplicates drop

Duplicates in terms of all variables

(2128 observations deleted)

. merge 1:1 id c_ivw_date using "E:\data\serious_ill\int_data\core_ids_1yr_criteria_5_sample1

    Result                           # of obs.
    -----------------------------------------
    not matched                        32,846
        from master                         0  (_merge==1)
        from using                     32,846  (_merge==2)

    matched                             2,369  (_merge==3)
    -----------------------------------------

. tab dem_dx

     dem_dx |      Freq.     Percent        Cum.
------------+-----------------------------------
          1 |      2,369      100.00      100.00
------------+-----------------------------------
      Total |      2,369      100.00

. tab comorb_31

   Dementia |      Freq.     Percent        Cum.
------------+-----------------------------------
          0 |     32,461       92.18       92.18
          1 |      2,754        7.82      100.00
------------+-----------------------------------
      Total |     35,215      100.00

. use "E:\data\serious_ill\int_data\interviews_dem_dx.dta", clear

. use "E:\data\serious_ill\int_data\decedents_dem_dx.dta", clear

. drop if dem_dx==0
(335321 observations deleted)

. foreach x in mp op pb hs hh dm {
  2. gen s`x'=source=="`x'"
  3. by id index_date, sort: egen `x'=max(s`x')
  4. drop s`x'
  5. }

. rename index_date c_ivw_date

. drop source dx dx_0

. duplicates drop

Duplicates in terms of all variables

(3465 observations deleted)

. use "E:\data\serious_ill\int_data\decedents_dem_dx.dta", clear

. drop if dem_dx==0
(335321 observations deleted)

. foreach x in mp op pb hs hh dm {
  2. gen s`x'=source=="`x'"
  3. by id index_date, sort: egen `x'=max(s`x')
  4. drop s`x'
  5. }

. rename index_date c_ivw_date

. by id c_ivw_date: gen num=_N

. drop source dx dx_0

. duplicates drop

Duplicates in terms of all variables

(3465 observations deleted)

. gen r_id=id

. gen r_bid_hrs=bid_hrs_21

. codebook id

--------------------------------------------------------------------------------------------------------
id                                                                                           (unlabeled)
--------------------------------------------------------------------------------------------------------

                  type:  numeric (double)

                 range:  [10210010,9.037e+08]         units:  1
         unique values:  2482                     missing .:  0/2482

                  mean:   1.8e+08
              std. dev:   6.7e+07

           percentiles:        10%       25%       50%       75%       90%
                           5.2e+07   2.0e+08   2.0e+08   2.1e+08   2.1e+08

. duplicates report id

Duplicates in terms of id

--------------------------------------
   copies | observations       surplus
----------+---------------------------
        1 |         2482             0
--------------------------------------

. merge 1:1 r_id using "E:\data\spouse_intensive\int_data\spouse_data_full.dta"
variable r_id does not uniquely identify observations in the master data
r(459);

. merge 1:m r_id using "E:\data\spouse_intensive\int_data\spouse_data_full.dta"
variable r_id does not uniquely identify observations in the master data
r(459);

. codebook id

--------------------------------------------------------------------------------------------------------
id                                                                                           (unlabeled)
--------------------------------------------------------------------------------------------------------

                  type:  numeric (double)

                 range:  [10210010,9.037e+08]         units:  1
         unique values:  2482                     missing .:  0/2482

                  mean:   1.8e+08
              std. dev:   6.7e+07

           percentiles:        10%       25%       50%       75%       90%
                           5.2e+07   2.0e+08   2.0e+08   2.1e+08   2.1e+08

. codebook r_id

--------------------------------------------------------------------------------------------------------
r_id                                                                                         (unlabeled)
--------------------------------------------------------------------------------------------------------

                  type:  numeric (float)

                 range:  [10210010,9.037e+08]         units:  1
         unique values:  2425                     missing .:  0/2482

                  mean:   1.8e+08
              std. dev:   6.7e+07

           percentiles:        10%       25%       50%       75%       90%
                           5.2e+07   2.0e+08   2.0e+08   2.1e+08   2.1e+08

. drop r_id

. tostring id, gen(r_id)
r_id generated as str9

. merge 1:m r_id using "E:\data\spouse_intensive\int_data\spouse_data_full.dta"
key variable r_id is str9 in master but double in using data
    Each key variable -- the variables on which observations are matched -- must be of the same
    generic type in the master and using datasets.  Same generic type means both numeric or both
    string.
r(106);

. destring r_id, replace
r_id has all characters numeric; replaced as long

. merge 1:m r_id using "E:\data\spouse_intensive\int_data\spouse_data_full.dta"
(note: variable r_id was long, now double to accommodate using data's values)

    Result                           # of obs.
    -----------------------------------------
    not matched                         5,519
        from master                         0  (_merge==1)
        from using                      5,519  (_merge==2)

    matched                             2,482  (_merge==3)
    -----------------------------------------

. tab dem_dx

     dem_dx |      Freq.     Percent        Cum.
------------+-----------------------------------
          1 |      2,482      100.00      100.00
------------+-----------------------------------
      Total |      2,482      100.00

. tab comorb_31

   Dementia |      Freq.     Percent        Cum.
------------+-----------------------------------
          0 |      5,031       66.91       66.91
          1 |      2,488       33.09      100.00
------------+-----------------------------------
      Total |      7,519      100.00

. tab dem_dx comorb_31

           |  Dementia
    dem_dx |         1 |     Total
-----------+-----------+----------
         1 |     2,482 |     2,482 
-----------+-----------+----------
     Total |     2,482 |     2,482 


. use "E:\data\serious_ill\int_data\decedents_dem_dx.dta", clear

. drop if dem_dx==0
(335321 observations deleted)

. foreach x in mp op pb hs hh dm {
  2. gen s`x'=source=="`x'"
  3. by id index_date, sort: egen `x'=max(s`x')
  4. drop s`x'
  5. }

. rename index_date c_ivw_date

. use "E:\data\serious_ill\int_data\interviews_dem_dx.dta", clear

. by id index_date, sort: gen num=_n

. by id index_date, sort: gen num=_n
num already defined
r(110);

. duplicates drop

Duplicates in terms of all variables

(0 observations are duplicates)

. duplicates drop

Duplicates in terms of all variables

(0 observations are duplicates)

. drop if dem_dx==0
(638202 observations deleted)

. tab dx

         dx |      Freq.     Percent        Cum.
------------+-----------------------------------
       2900 |        640       14.23       14.23
      29000 |          3        0.07       14.30
       2901 |          3        0.07       14.37
      29010 |        136        3.02       17.39
      29011 |         16        0.36       17.75
      29012 |         15        0.33       18.08
      29013 |         17        0.38       18.46
       2902 |          4        0.09       18.55
      29020 |        115        2.56       21.10
      29021 |        139        3.09       24.19
       2903 |         66        1.47       25.66
      29040 |        214        4.76       30.42
      29041 |         53        1.18       31.60
      29042 |         40        0.89       32.49
      29043 |         55        1.22       33.71
       2912 |          9        0.20       33.91
      29410 |        531       11.81       45.72
      29411 |        230        5.11       50.83
       2948 |      1,074       23.88       74.72
      29481 |          1        0.02       74.74
       2949 |        141        3.14       77.87
       3310 |        889       19.77       97.64
      33100 |          1        0.02       97.67
       3311 |          5        0.11       97.78
      33111 |          1        0.02       97.80
      33119 |          6        0.13       97.93
       3312 |         93        2.07      100.00
------------+-----------------------------------
      Total |      4,497      100.00

. tab dx_0

       dx_0 |      Freq.     Percent        Cum.
------------+-----------------------------------
       2900 |        640       14.23       14.23
      29000 |          3        0.07       14.30
       2901 |          3        0.07       14.37
      29010 |        136        3.02       17.39
      29011 |         16        0.36       17.75
      29012 |         15        0.33       18.08
      29013 |         17        0.38       18.46
       2902 |          4        0.09       18.55
      29020 |        115        2.56       21.10
      29021 |        139        3.09       24.19
       2903 |         66        1.47       25.66
      29040 |        214        4.76       30.42
      29041 |         53        1.18       31.60
      29042 |         40        0.89       32.49
      29043 |         55        1.22       33.71
       2912 |          9        0.20       33.91
      29410 |        531       11.81       45.72
      29411 |        230        5.11       50.83
       2948 |      1,074       23.88       74.72
      29481 |          1        0.02       74.74
       2949 |        141        3.14       77.87
       3310 |        889       19.77       97.64
      33100 |          1        0.02       97.67
       3311 |          5        0.11       97.78
      33111 |          1        0.02       97.80
      33119 |          6        0.13       97.93
       3312 |         93        2.07      100.00
------------+-----------------------------------
      Total |      4,497      100.00

. drop num

. by id index_date, sort: gen num=_n

. foreach x in mp op pb hs hh dm {
  2. gen s`x'=source=="`x'"
  3. by id index_date, sort: egen `x'=max(s`x')
  4. drop s`x'
  5. }

. tab num

        num |      Freq.     Percent        Cum.
------------+-----------------------------------
          1 |      2,369       52.68       52.68
          2 |      1,144       25.44       78.12
          3 |        568       12.63       90.75
          4 |        247        5.49       96.24
          5 |        100        2.22       98.47
          6 |         40        0.89       99.36
          7 |         20        0.44       99.80
          8 |          5        0.11       99.91
          9 |          2        0.04       99.96
         10 |          1        0.02       99.98
         11 |          1        0.02      100.00
------------+-----------------------------------
      Total |      4,497      100.00

. preserve
already preserved
r(621);

. rename index_date c_ivw_date

. drop source dx dx_0

. duplicates drop

Duplicates in terms of all variables

(0 observations are duplicates)

. drop num

. by id c_ivw_date: gen num=_N

. tab num

        num |      Freq.     Percent        Cum.
------------+-----------------------------------
          1 |      1,225       27.24       27.24
          2 |      1,152       25.62       52.86
          3 |        963       21.41       74.27
          4 |        588       13.08       87.35
          5 |        300        6.67       94.02
          6 |        120        2.67       96.69
          7 |        105        2.33       99.02
          8 |         24        0.53       99.56
          9 |          9        0.20       99.76
         11 |         11        0.24      100.00
------------+-----------------------------------
      Total |      4,497      100.00

. duplicates drop

Duplicates in terms of all variables

(2128 observations deleted)

. merge 1:1 id c_ivw_date using "E:\data\serious_ill\int_data\core_ids_1yr_criteria_5_sample1

    Result                           # of obs.
    -----------------------------------------
    not matched                        32,846
        from master                         0  (_merge==1)
        from using                     32,846  (_merge==2)

    matched                             2,369  (_merge==3)
    -----------------------------------------

. rename merge firstmerge
variable merge not found
r(111);

. rename _merge firstmerge

. tab comorb_31 dem_dx

           |   dem_dx
  Dementia |         1 |     Total
-----------+-----------+----------
         1 |     2,369 |     2,369 
-----------+-----------+----------
     Total |     2,369 |     2,369 


. tab comorb_31

   Dementia |      Freq.     Percent        Cum.
------------+-----------------------------------
          0 |     32,461       92.18       92.18
          1 |      2,754        7.82      100.00
------------+-----------------------------------
      Total |     35,215      100.00

. use "E:\data\serious_ill\int_data\interviews_dem_dx.dta", clear

. drop if dem_dx==0
(640090 observations deleted)

. foreach x in mp op pb hs hh dm {
  2. gen s`x'=source=="`x'"
  3. by id index_date, sort: egen `x'=max(s`x')
  4. drop s`x'
  5. }

. by id c_ivw_date: gen num=_N
variable c_ivw_date not found
r(111);

. rename index_date c_ivw_date

. drop source dx dx_0

. duplicates drop

Duplicates in terms of all variables

(2139 observations deleted)

. by id c_ivw_date: gen num=_N

. merge 1:1 id c_ivw_date using "E:\data\serious_ill\int_data\core_ids_1yr_criteria_5_sample1

    Result                           # of obs.
    -----------------------------------------
    not matched                        32,832
        from master                         0  (_merge==1)
        from using                     32,832  (_merge==2)

    matched                             2,383  (_merge==3)
    -----------------------------------------

. tab dem_dx

     dem_dx |      Freq.     Percent        Cum.
------------+-----------------------------------
          1 |      2,383      100.00      100.00
------------+-----------------------------------
      Total |      2,383      100.00

. tab comorb_31

   Dementia |      Freq.     Percent        Cum.
------------+-----------------------------------
          0 |     32,461       92.18       92.18
          1 |      2,754        7.82      100.00
------------+-----------------------------------
      Total |     35,215      100.00

. tab dem_dx comorb_31

           |       Dementia
    dem_dx |         0          1 |     Total
-----------+----------------------+----------
         1 |         5      2,378 |     2,383 
-----------+----------------------+----------
     Total |         5      2,378 |     2,383 


. use "E:\data\hrs_public_2012\dementia\ADAMS\dementia_dx_adams_wave1_only.dta", clear

. use "E:\data\hrs_public_2012\dementia\pdem_withvarnames.dta", clear

. exit, clear
