--------------------------------------------------------------------------------
      name:  <unnamed>
       log:  E:\nhats\nhats_code\NHATS data setup\logs\1_nhats_setup1.txt
  log type:  text
 opened on:   1 Feb 2019, 16:51:31

. local r1raw E:\nhats\data\NHATS Public\round_1\

. local r2raw E:\nhats\data\NHATS Public\round_2\

. local r3raw E:\nhats\data\NHATS Public\round_3\

. local r4raw E:\nhats\data\NHATS Public\round_4\

. local r5raw E:\nhats\data\NHATS Public\round_5\

. local r6raw E:\nhats\data\NHATS Public\round_6\

. local r7raw E:\nhats\data\NHATS Public\round_7\

. local work E:\nhats\data\NHATS working data

. local r1s E:\nhats\data\NHATS Sensitive\r1_sensitive\

. local r2s E:\nhats\data\NHATS Sensitive\r2_sensitive\

. local r3s E:\nhats\data\NHATS Sensitive\r3_sensitive\

. local r4s E:\nhats\data\NHATS Sensitive\r4_sensitive\

. local r5s E:\nhats\data\NHATS Sensitive\r5_sensitive\

. local r6s E:\nhats\data\NHATS Sensitive\r6_sensitive\

. local r7s E:\nhats\data\NHATS Sensitive\r7_sensitive\

. local logs E:\nhats\nhats_code\NHATS data setup\logs\

. 
. cd "`work'"
E:\nhats\data\NHATS working data

. *********************************************
. 
. //round 1
. use "`r1raw'NHATS_Round_1_SP_File.dta"

. //check to make sure sample ids are unique
. sort spid 

. quietly by spid: gen dup = cond(_N==1,0,_n)

. tab dup

        dup |      Freq.     Percent        Cum.
------------+-----------------------------------
          0 |      8,245      100.00      100.00
------------+-----------------------------------
      Total |      8,245      100.00

. capture gen wave=1

. la var wave "Survey wave"

. save round_1_1.dta, replace
file round_1_1.dta saved

. clear

. 
. //round 2
. use "`r2raw'NHATS_Round_2_SP_File_v2.dta"

. //check to make sure sample ids are unique
. sort spid 

. quietly by spid: gen dup = cond(_N==1,0,_n)

. tab dup

        dup |      Freq.     Percent        Cum.
------------+-----------------------------------
          0 |      7,075      100.00      100.00
------------+-----------------------------------
      Total |      7,075      100.00

. capture gen wave=2

. la var wave "Survey wave"

. save round_2_1.dta, replace
file round_2_1.dta saved

. clear 

. 
. //round 3
. use "`r3raw'NHATS_Round_3_SP_File.dta"

. //check to make sure sample ids are unique
. sort spid 

. quietly by spid: gen dup = cond(_N==1,0,_n)

. tab dup

        dup |      Freq.     Percent        Cum.
------------+-----------------------------------
          0 |      5,799      100.00      100.00
------------+-----------------------------------
      Total |      5,799      100.00

. capture gen wave=3

. la var wave "Survey wave"

. save round_3_1.dta, replace
file round_3_1.dta saved

. clear 

. 
. //round 4
. use "`r4raw'NHATS_Round_4_SP_File.dta"

. //check to make sure sample ids are unique
. sort spid 

. quietly by spid: gen dup = cond(_N==1,0,_n)

. tab dup

        dup |      Freq.     Percent        Cum.
------------+-----------------------------------
          0 |      4,737      100.00      100.00
------------+-----------------------------------
      Total |      4,737      100.00

. capture gen wave=4

. la var wave "Survey wave"

. save round_4_1.dta, replace
file round_4_1.dta saved

. clear 

. 
. //round 5
. use "`r5raw'NHATS_Round_5_SP_File.dta"

. //check to make sure sample ids are unique
. sort spid 

. quietly by spid: gen dup = cond(_N==1,0,_n)

. tab dup

        dup |      Freq.     Percent        Cum.
------------+-----------------------------------
          0 |      8,334      100.00      100.00
------------+-----------------------------------
      Total |      8,334      100.00

. capture gen wave=5

. la var wave "Survey wave"

. save round_5_1.dta, replace
file round_5_1.dta saved

. clear 

. 
. //round 6 
. use "`r6raw'NHATS_Round_6_SP_File.dta"

. //check to make sure sample ids are unique
. sort spid

. quietly by spid: gen dup = cond(_N==1,0,_n)

. tab dup

        dup |      Freq.     Percent        Cum.
------------+-----------------------------------
          0 |      7,276      100.00      100.00
------------+-----------------------------------
      Total |      7,276      100.00

. capture gen wave=6

. la var wave "Survey Wave"

. save round_6_1.dta, replace
file round_6_1.dta saved

. clear

. 
. //round 7 
. use "`r7raw'NHATS_Round_7_SP_File.dta"

. //check to make sure sample ids are unique
. sort spid

. quietly by spid: gen dup = cond(_N==1,0,_n)

. tab dup

        dup |      Freq.     Percent        Cum.
------------+-----------------------------------
          0 |      6,312      100.00      100.00
------------+-----------------------------------
      Total |      6,312      100.00

. capture gen wave=7

. la var wave "Survey Wave"

. save round_7_1.dta, replace
file round_7_1.dta saved

. clear

. 
. //round 1
. foreach w in 1 2 3 4 5 6 7{
  2. use round_`w'_1.dta
  3. 
. if `w'!=1 local pd pd* 
  4. 
. //keep selected variables only
. local keepallwaves spid wave r`w'dresid w`w'varunit w`w'anfinwgt0 w`w'varstrat
>   ///
>         mo* r`w'd2intvrage hh`w'martlstat ///
>         ip`w'cmedicaid ip`w'mgapmedsp ip`w'nginsnurs ip`w'covmedcad ip`w'covtr
> icar ///
>         hh* hc* ss* pc* cp* cg* ha* sc* mc* sd* pa* hw* ///
>         is`w'* ht`w'placedesc fl`w'* ir* cm* ew* hp* sn* dt* `pd' gr* wa* r`w'
> dorigwksc ///
>         r`w'dnhatswksc r`w'dnhatsgrav r`w'dnhatsgrb wb* ho* cs*
  5. 
. if `w'==1 {     
  6. keep `keepallwaves' r`w'dgender rl`w'dracehisp rl`w'spkothlan rl`w'condspan
> h el`w'higstschl ///
> ia`w'*  re`w'resistrct re1dcensdiv va1serarmfor
  7. }
  8. 
. if `w'==2 {     
  9. keep `keepallwaves' re2intplace re2newstrct re2spadrsnew re2dresistrct ///
>         re2dadrscorr re2dcensdiv ip2nginslast ep2eoltalk ep2poweratty ep2livng
> will
 10. }
 11. 
. if `w'==3 {     
 12. keep `keepallwaves' re3intplace re3newstrct re3spadrsnew re3dresistrct ///
>         re3dcensdiv ip3nginslast ia*
 13. }
 14. if `w'==4 {     
 15. keep `keepallwaves' re4intplace re4newstrct re4spadrsnew re4dresistrct ///
>         re4dcensdiv ip4nginslast
 16. }
 17. if `w'==5 {     
 18. keep `keepallwaves' r`w'dgender rl`w'dracehisp rl`w'spkothlan rl`w'condspan
> h el`w'higstschl re5intplace re5newstrct re5spadrsnew re5dresistrct ///
>         re5dcensdiv ip5nginslast ia`w'* va5serarmfor w5an2011wgt0
 19. }       
 20. if `w'==6 {     
 21. keep `keepallwaves' re6intplace re6newstrct re6spadrsnew re6dresistrct ///
>         re6dcensdiv ip6nginslast w6an2011wgt0   
 22. }
 23. if `w'==7 {     
 24. keep `keepallwaves' re7intplace re7newstrct re7spadrsnew re7dresistrct ///
>         re7dcensdiv ip7nginslast ia`w'* w7an2011wgt0
 25. }
 26. 
. save round_`w'_ltd.dta, replace
 27. }
file round_1_ltd.dta saved
file round_2_ltd.dta saved
file round_3_ltd.dta saved
file round_4_ltd.dta saved
file round_5_ltd.dta saved
file round_6_ltd.dta saved
file round_7_ltd.dta saved

. 
. //check sensitive data files, keep only some variables, merge with ltd dataset
> s
. foreach w in 1 2 3 4 5 6 7{
  2.         use "`r`w's'NHATS_Round_`w'_SP_Sen_Dem_File.dta"
  3.         sort spid 
  4.         quietly by spid: gen dup = cond(_N==1,0,_n)
  5.         tab dup 
  6.         clear
  7. }

        dup |      Freq.     Percent        Cum.
------------+-----------------------------------
          0 |      8,245      100.00      100.00
------------+-----------------------------------
      Total |      8,245      100.00

        dup |      Freq.     Percent        Cum.
------------+-----------------------------------
          0 |      7,075      100.00      100.00
------------+-----------------------------------
      Total |      7,075      100.00

        dup |      Freq.     Percent        Cum.
------------+-----------------------------------
          0 |      5,799      100.00      100.00
------------+-----------------------------------
      Total |      5,799      100.00

        dup |      Freq.     Percent        Cum.
------------+-----------------------------------
          0 |      4,737      100.00      100.00
------------+-----------------------------------
      Total |      4,737      100.00

        dup |      Freq.     Percent        Cum.
------------+-----------------------------------
          0 |      8,334      100.00      100.00
------------+-----------------------------------
      Total |      8,334      100.00

        dup |      Freq.     Percent        Cum.
------------+-----------------------------------
          0 |      7,276      100.00      100.00
------------+-----------------------------------
      Total |      7,276      100.00

        dup |      Freq.     Percent        Cum.
------------+-----------------------------------
          0 |      6,312      100.00      100.00
------------+-----------------------------------
      Total |      6,312      100.00

. 
.         
. //combine 3 waves into single dataset
. use round_1_ltd.dta

. append using round_2_ltd.dta

. append using round_3_ltd.dta
(label pa1dv2favact already defined)

. append using round_4_ltd.dta
(label pa1dv2favact already defined)

. append using round_5_ltd.dta
(label pa1dv2favact already defined)

. append using round_6_ltd.dta
(label pa5dfavact already defined)

. append using round_7_ltd.dta
(label pa5dfavact already defined)

. 
. //merge in sensitive data, use r1 as basis, added in cancer vars
. merge m:1 spid using "`r1s'NHATS_Round_1_SP_Sen_Dem_File.dta", ///
>         keepusing(r1dbirthmth r1dbirthyr r1dintvwrage hh1modob hh1yrdob hh1dsp
> ousage ///
>         rl1primarace rl1hisplatno hc1cancerty*) 

    Result                           # of obs.
    -----------------------------------------
    not matched                        10,866
        from master                    10,866  (_merge==1)
        from using                          0  (_merge==2)

    matched                            36,912  (_merge==3)
    -----------------------------------------

. 
. drop _merge

. 
. //merge in additional r2 sensitive data
. merge m:1 spid using "`r2s'NHATS_Round_2_SP_Sen_Dem_File.dta", ///
>         keepusing(r2dintvwrage hh2dspousage r2ddeathage pd2mthdied pd2yrdied)
(label r1dbirthmth already defined)

    Result                           # of obs.
    -----------------------------------------
    not matched                        12,036
        from master                    12,036  (_merge==1)
        from using                          0  (_merge==2)

    matched                            35,742  (_merge==3)
    -----------------------------------------

. drop _merge

. 
. //merge in additional r3 sensitive data
. merge m:1 spid using "`r3s'NHATS_Round_3_SP_Sen_Dem_File.dta", ///
>         keepusing(r3dintvwrage hh3dspousage r3ddeathage pd3mthdied pd3yrdied)
(label r1dbirthmth already defined)

    Result                           # of obs.
    -----------------------------------------
    not matched                        14,588
        from master                    14,588  (_merge==1)
        from using                          0  (_merge==2)

    matched                            33,190  (_merge==3)
    -----------------------------------------

. drop _merge

. 
. //merge in additional r4 sensitive data
. merge m:1 spid using "`r4s'NHATS_Round_4_SP_Sen_Dem_File.dta", ///
>         keepusing(r4dintvwrage hh4dspousage r4ddeathage pd4mthdied pd4yrdied)
(label r1dbirthyr already defined)
(label r1dbirthmth already defined)

    Result                           # of obs.
    -----------------------------------------
    not matched                        17,774
        from master                    17,774  (_merge==1)
        from using                          0  (_merge==2)

    matched                            30,004  (_merge==3)
    -----------------------------------------

. drop _merge

. 
. //merge in additional r5 sensitive data
. merge m:1 spid using "`r5s'NHATS_Round_5_SP_Sen_Dem_File.dta", ///
>         keepusing(r5dintvwrage hh5spageall r5ddeathage pd5mthdied pd5yrdied)

    Result                           # of obs.
    -----------------------------------------
    not matched                         9,248
        from master                     9,248  (_merge==1)
        from using                          0  (_merge==2)

    matched                            38,530  (_merge==3)
    -----------------------------------------

. drop _merge

. 
. //merge in additional r6 sensitive data
. merge m:1 spid using "`r6s'NHATS_Round_6_SP_Sen_Dem_File.dta", ///
>         keepusing(r6dintvwrage hh6spageall r6ddeathage pd6mthdied pd6yrdied)
(label r5dbirthyr already defined)
(label r5dbirthmth already defined)

    Result                           # of obs.
    -----------------------------------------
    not matched                        12,214
        from master                    12,214  (_merge==1)
        from using                          0  (_merge==2)

    matched                            35,564  (_merge==3)
    -----------------------------------------

. drop _merge

. 
. //merge in additional r7 sensitive data
. merge m:1 spid using "`r7s'NHATS_Round_7_SP_Sen_Dem_File.dta", ///
>         keepusing(r7dintvwrage hh7spageall r7ddeathage pd7mthdied pd7yrdied)
(label r5dbirthyr already defined)
(label r5dbirthmth already defined)

    Result                           # of obs.
    -----------------------------------------
    not matched                        15,926
        from master                    15,926  (_merge==1)
        from using                          0  (_merge==2)

    matched                            31,852  (_merge==3)
    -----------------------------------------

. drop _merge

. 
. //3B?
. //merge in tracker status information
. merge m:1 spid using "`r7raw'NHATS_Round_7_Tracker_File", ///
>         keepusing(yearsample w7trfinwgt0 w7tr2011wgt0 r7status r7spstat r7spst
> atdtmt r7spstatdtyr r7fqstatdtmt ///
>          w6trfinwgt0 w6tr2011wgt0 r6status r6spstat r6spstatdtmt r6spstatdtyr 
> r6fqstatdtmt ///
>         w5trfinwgt0 w5tr2011wgt0 r5status r5spstat r5spstatdtmt r5spstatdtyr r
> 5fqstatdtmt w4trfinwgt0 r4status r4spstat r4spstatdtmt r4spstatdtyr r4fqstatdt
> mt w3trfinwgt0 r3status r3spstat r3spstatdtmt r3spstatdtyr r3fqstatdtmt ///
>                 w2trfinwgt0 r2status r2spstat r2spstatdtmt r2spstatdtyr r2fqst
> atdtmt w1trfinwgt0 r1status r1spstat r1spstatdtmt r1spstatdtyr ///
>                 r1fqstatdt*)

    Result                           # of obs.
    -----------------------------------------
    not matched                         7,103
        from master                         0  (_merge==1)
        from using                      7,103  (_merge==2)

    matched                            47,778  (_merge==3)
    -----------------------------------------

. 
end of do-file

. keep if _merge==3
(7,103 observations deleted)

. codebook spid

--------------------------------------------------------------------------------
spid                                                     NHATS SAMPLED PERSON ID
--------------------------------------------------------------------------------

                  type:  numeric (double)

                 range:  [10000003,20007119]          units:  1
         unique values:  12,427                   missing .:  0/47,778

                  mean:   1.2e+07
              std. dev:   4.2e+06

           percentiles:        10%       25%       50%       75%       90%
                           1.0e+07   1.0e+07   1.0e+07   1.0e+07   2.0e+07

. use "${r1s}NSOC_Round_1_SP_tracker_file"
no; data in memory would be lost
r(4);

. use "${r1s}NSOC_Round_1_SP_tracker_file", clear

. do "C:\Users\husaim03\AppData\Local\Temp\9\STD264314_000000.tmp"

. //merge in nsoc tracker information
. merge m:1 spid using "${r1s}NSOC_Round_1_SP_tracker_file", nogen
(label fl1dnsoccomp already defined)
(label fl1dcgadonly already defined)
(label fl1dcgphncnt already defined)
(label fl1dnsoccnt already defined)
(label fl1dnsoc already defined)

    Result                           # of obs.
    -----------------------------------------
    not matched                             0
    matched                             8,245  
    -----------------------------------------

. //drop obs that are in tracker file but not sp file
. drop if _merge==2
_merge not found
r(111);

end of do-file

r(111);

. do "C:\Users\husaim03\AppData\Local\Temp\9\STD264314_000000.tmp"

. /*
> 
> Created by: --
> Date Created: --
> 
> Updated by: MH
> Date Updated: 01/25/2019
> 
> Description: Inital dataset cleaning, renaming varaibles, merging variables fr
> om 
> sensitive dataset, and broad structuring.
> 
> 
> 
> **************************************************
> */
. 
. local date = subinstr("$S_DATE"," ","_",.) 

. local name NHATS_setup1_`date'

. di "`name'"
NHATS_setup1__1_Feb_2019

. 
. capture log close 
